**
(main_gift.tex
LaTeX2e <2021-11-15> patch level 1
L3 programming layer <2022-02-24> (book.cls
Document Class: book 2021/10/04 v1.4n Standard LaTeX document class
(bk12.clo
File: bk12.clo 2021/10/04 v1.4n Standard LaTeX file (size option)
)
\c@part=\count181
\c@chapter=\count182
\c@section=\count183
\c@subsection=\count184
\c@subsubsection=\count185
\c@paragraph=\count186
\c@subparagraph=\count187
\c@figure=\count188
\c@table=\count189
\abovecaptionskip=\skip47
\belowcaptionskip=\skip48
\bibindent=\dimen138
) (ctex.sty (expl3.sty
Package: expl3 2022-02-24 L3 programming layer (loader) 
 (l3backend-xetex.def
File: l3backend-xetex.def 2022-02-07 L3 backend support: XeTeX
\c__kernel_sys_dvipdfmx_version_int=\count190
\l__color_backend_stack_int=\count191
\g__color_backend_stack_int=\count192
\g__graphics_track_int=\count193
\l__pdf_internal_box=\box50
\g__pdf_backend_object_int=\count194
\g__pdf_backend_annotation_int=\count195
\g__pdf_backend_link_int=\count196
))
Package: ctex 2021/12/12 v2.5.8 Chinese adapter in LaTeX (CTEX)
 (xparse.sty
Package: xparse 2022-01-12 L3 Experimental document command parser
)
(l3keys2e.sty
Package: l3keys2e 2022-01-12 LaTeX2e option processing using LaTeX3 keys
) (ctexhook.sty
Package: ctexhook 2021/12/12 v2.5.8 Document and package hooks (CTEX)
) (ctexpatch.sty
Package: ctexpatch 2021/12/12 v2.5.8 Patching commands (CTEX)
) (fix-cm.sty
Package: fix-cm 2020/11/24 v1.1t fixes to LaTeX
 (ts1enc.def
File: ts1enc.def 2001/06/05 v3.0e (jk/car/fm) Standard LaTeX file
LaTeX Font Info:    Redeclaring font encoding TS1 on input line 47.
))
\l__ctex_tmp_int=\count197
\l__ctex_tmp_box=\box51
\l__ctex_tmp_dim=\dimen139
\g__ctex_section_depth_int=\count198
\g__ctex_font_size_int=\count199

(ctexopts.cfg
File: ctexopts.cfg 2021/12/12 v2.5.8 Option configuration file (CTEX)
) (ctex-engine-xetex.def
File: ctex-engine-xetex.def 2021/12/12 v2.5.8 XeLaTeX adapter (CTEX)
 (xeCJK.sty
Package: xeCJK 2021/12/12 v3.8.8 Typesetting CJK scripts with XeLaTeX
 (xtemplate.sty
Package: xtemplate 2022-01-12 L3 Experimental prototype document functions
\l__xtemplate_tmp_dim=\dimen140
\l__xtemplate_tmp_int=\count266
\l__xtemplate_tmp_muskip=\muskip16
\l__xtemplate_tmp_skip=\skip49
)
\l__xeCJK_tmp_int=\count267
\l__xeCJK_tmp_box=\box52
\l__xeCJK_tmp_dim=\dimen141
\l__xeCJK_tmp_skip=\skip50
\g__xeCJK_space_factor_int=\count268
\l__xeCJK_begin_int=\count269
\l__xeCJK_end_int=\count270
\c__xeCJK_CJK_class_int=\XeTeXcharclass1
\c__xeCJK_FullLeft_class_int=\XeTeXcharclass2
\c__xeCJK_FullRight_class_int=\XeTeXcharclass3
\c__xeCJK_HalfLeft_class_int=\XeTeXcharclass4
\c__xeCJK_HalfRight_class_int=\XeTeXcharclass5
\c__xeCJK_NormalSpace_class_int=\XeTeXcharclass6
\c__xeCJK_CM_class_int=\XeTeXcharclass7
\c__xeCJK_HangulJamo_class_int=\XeTeXcharclass8
\l__xeCJK_last_skip=\skip51
\g__xeCJK_node_int=\count271
\c__xeCJK_CJK_node_dim=\dimen142
\c__xeCJK_CJK-space_node_dim=\dimen143
\c__xeCJK_default_node_dim=\dimen144
\c__xeCJK_default-space_node_dim=\dimen145
\c__xeCJK_CJK-widow_node_dim=\dimen146
\c__xeCJK_normalspace_node_dim=\dimen147
\l__xeCJK_ccglue_skip=\skip52
\l__xeCJK_ecglue_skip=\skip53
\l__xeCJK_punct_kern_skip=\skip54
\l__xeCJK_last_penalty_int=\count272
\l__xeCJK_last_bound_dim=\dimen148
\l__xeCJK_last_kern_dim=\dimen149
\l__xeCJK_widow_penalty_int=\count273

Package xtemplate Info: Declaring object type 'xeCJK/punctuation' taking 0
(xtemplate)             argument(s) on line 2337.

\l__xeCJK_fixed_punct_width_dim=\dimen150
\l__xeCJK_mixed_punct_width_dim=\dimen151
\l__xeCJK_middle_punct_width_dim=\dimen152
\l__xeCJK_fixed_margin_width_dim=\dimen153
\l__xeCJK_mixed_margin_width_dim=\dimen154
\l__xeCJK_middle_margin_width_dim=\dimen155
\l__xeCJK_bound_punct_width_dim=\dimen156
\l__xeCJK_bound_margin_width_dim=\dimen157
\l__xeCJK_margin_minimum_dim=\dimen158
\l__xeCJK_kerning_total_width_dim=\dimen159
\l__xeCJK_same_align_margin_dim=\dimen160
\l__xeCJK_different_align_margin_dim=\dimen161
\l__xeCJK_kerning_margin_width_dim=\dimen162
\l__xeCJK_kerning_margin_minimum_dim=\dimen163
\l__xeCJK_bound_dim=\dimen164
\l__xeCJK_reverse_bound_dim=\dimen165
\l__xeCJK_margin_dim=\dimen166
\l__xeCJK_minimum_bound_dim=\dimen167
\l__xeCJK_kerning_margin_dim=\dimen168
\g__xeCJK_family_int=\count274
\l__xeCJK_fam_int=\count275
\g__xeCJK_fam_allocation_int=\count276
\l__xeCJK_verb_case_int=\count277
\l__xeCJK_verb_exspace_skip=\skip55
 (fontspec.sty
Package: fontspec 2022/01/15 v2.8a Font selection for XeLaTeX and LuaLaTeX

(fontspec-xetex.sty
Package: fontspec-xetex 2022/01/15 v2.8a Font selection for XeLaTeX and LuaLaTe
X
\l__fontspec_script_int=\count278
\l__fontspec_language_int=\count279
\l__fontspec_strnum_int=\count280
\l__fontspec_tmp_int=\count281
\l__fontspec_tmpa_int=\count282
\l__fontspec_tmpb_int=\count283
\l__fontspec_tmpc_int=\count284
\l__fontspec_em_int=\count285
\l__fontspec_emdef_int=\count286
\l__fontspec_strong_int=\count287
\l__fontspec_strongdef_int=\count288
\l__fontspec_tmpa_dim=\dimen169
\l__fontspec_tmpb_dim=\dimen170
\l__fontspec_tmpc_dim=\dimen171
 (fontenc.sty
Package: fontenc 2021/04/29 v2.0v Standard LaTeX package
) (fontspec.cfg))) (xeCJK.cfg
File: xeCJK.cfg 2021/12/12 v3.8.8 Configuration file for xeCJK package
))
\ccwd=\dimen172
\l__ctex_ccglue_skip=\skip56
)
\l__ctex_ziju_dim=\dimen173
 (zhnumber.sty
Package: zhnumber 2020/05/01 v2.8 Typesetting numbers with Chinese glyphs
\l__zhnum_scale_int=\count289

(zhnumber-utf8.cfg
File: zhnumber-utf8.cfg 2020/05/01 v2.8 Chinese numerals with UTF8 encoding
)) (ctex-scheme-chinese.def
File: ctex-scheme-chinese.def 2021/12/12 v2.5.8 Chinese scheme for generic (CTE
X)
 (ctex-name-utf8.cfg
File: ctex-name-utf8.cfg 2021/12/12 v2.5.8 Caption with encoding UTF-8 (CTEX)
))
(indentfirst.sty
Package: indentfirst 1995/11/23 v1.03 Indent first paragraph (DPC)
)) (ctex.cfg
File: ctex.cfg 2021/12/12 v2.5.8 Configuration file (CTEX)
)

Package fontspec Warning: Font "Songti SC" does not contain requested Script
(fontspec)                "CJK".


Package fontspec Info: Could not resolve font "Songti SC/I" (it probably
(fontspec)             doesn't exist).


Package fontspec Info: Font family 'SongtiSC(0)' created for font 'Songti SC'
(fontspec)             with options [Script={CJK}].
(fontspec)              
(fontspec)              This font family consists of the following NFSS
(fontspec)             series/shapes:
(fontspec)              
(fontspec)             - 'normal' (m/n) with NFSS spec.: <->"Songti
(fontspec)             SC/OT:language=dflt;"
(fontspec)             - 'small caps'  (m/sc) with NFSS spec.: 
(fontspec)             - 'bold' (b/n) with NFSS spec.: <->"Songti
(fontspec)             SC/B/OT:language=dflt;"
(fontspec)             - 'bold small caps'  (b/sc) with NFSS spec.: 
(fontspec)             - 'bold italic' (b/it) with NFSS spec.: <->"Songti
(fontspec)             SC/BI/OT:language=dflt;"
(fontspec)             - 'bold italic small caps'  (b/scit) with NFSS spec.: 


Package fontspec Info: Font family 'TimesNewRoman(0)' created for font 'Times
(fontspec)             New Roman' with options [Ligatures=TeX].
(fontspec)              
(fontspec)              This font family consists of the following NFSS
(fontspec)             series/shapes:
(fontspec)              
(fontspec)             - 'normal' (m/n) with NFSS spec.: <->"Times New
(fontspec)             Roman/OT:script=latn;language=dflt;mapping=tex-text;"
(fontspec)             - 'small caps'  (m/sc) with NFSS spec.: 
(fontspec)             - 'bold' (b/n) with NFSS spec.: <->"Times New
(fontspec)             Roman/B/OT:script=latn;language=dflt;mapping=tex-text;"
(fontspec)             - 'bold small caps'  (b/sc) with NFSS spec.: 
(fontspec)             - 'italic' (m/it) with NFSS spec.: <->"Times New
(fontspec)             Roman/I/OT:script=latn;language=dflt;mapping=tex-text;"
(fontspec)             - 'italic small caps'  (m/scit) with NFSS spec.: 
(fontspec)             - 'bold italic' (b/it) with NFSS spec.: <->"Times New
(fontspec)             Roman/BI/OT:script=latn;language=dflt;mapping=tex-text;"

(fontspec)             - 'bold italic small caps'  (b/scit) with NFSS spec.: 


Package fontspec Info: Font family 'Helvetica(0)' created for font 'Helvetica'
(fontspec)             with options [Ligatures=TeX].
(fontspec)              
(fontspec)              This font family consists of the following NFSS
(fontspec)             series/shapes:
(fontspec)              
(fontspec)             - 'normal' (m/n) with NFSS spec.:
(fontspec)             <->"Helvetica/AAT:mapping=tex-text;"
(fontspec)             - 'small caps'  (m/sc) with NFSS spec.: 
(fontspec)             - 'bold' (b/n) with NFSS spec.:
(fontspec)             <->"Helvetica/B/AAT:mapping=tex-text;"
(fontspec)             - 'bold small caps'  (b/sc) with NFSS spec.: 
(fontspec)             - 'italic' (m/it) with NFSS spec.:
(fontspec)             <->"Helvetica/I/AAT:mapping=tex-text;"
(fontspec)             - 'italic small caps'  (m/scit) with NFSS spec.: 
(fontspec)             - 'bold italic' (b/it) with NFSS spec.:
(fontspec)             <->"Helvetica/BI/AAT:mapping=tex-text;"
(fontspec)             - 'bold italic small caps'  (b/scit) with NFSS spec.: 


Package fontspec Info: Font family 'Menlo(0)' created for font 'Menlo' with
(fontspec)             options
(fontspec)             [WordSpace={1,0,0},HyphenChar=None,PunctuationSpace=Word
Space].
(fontspec)              
(fontspec)              This font family consists of the following NFSS
(fontspec)             series/shapes:
(fontspec)              
(fontspec)             - 'normal' (m/n) with NFSS spec.: <->"Menlo/AAT"
(fontspec)             - 'small caps'  (m/sc) with NFSS spec.: 
(fontspec)             and font adjustment code:
(fontspec)             \fontdimen 2\font =1\fontdimen 2\font \fontdimen 3\font
(fontspec)             =0\fontdimen 3\font \fontdimen 4\font =0\fontdimen
(fontspec)             4\font \fontdimen 7\font =0\fontdimen 2\font
(fontspec)             \tex_hyphenchar:D \font =-1\scan_stop: 
(fontspec)             - 'bold' (b/n) with NFSS spec.: <->"Menlo/B/AAT"
(fontspec)             - 'bold small caps'  (b/sc) with NFSS spec.: 
(fontspec)             and font adjustment code:
(fontspec)             \fontdimen 2\font =1\fontdimen 2\font \fontdimen 3\font
(fontspec)             =0\fontdimen 3\font \fontdimen 4\font =0\fontdimen
(fontspec)             4\font \fontdimen 7\font =0\fontdimen 2\font
(fontspec)             \tex_hyphenchar:D \font =-1\scan_stop: 
(fontspec)             - 'italic' (m/it) with NFSS spec.: <->"Menlo/I/AAT"
(fontspec)             - 'italic small caps'  (m/scit) with NFSS spec.: 
(fontspec)             and font adjustment code:
(fontspec)             \fontdimen 2\font =1\fontdimen 2\font \fontdimen 3\font
(fontspec)             =0\fontdimen 3\font \fontdimen 4\font =0\fontdimen
(fontspec)             4\font \fontdimen 7\font =0\fontdimen 2\font
(fontspec)             \tex_hyphenchar:D \font =-1\scan_stop: 
(fontspec)             - 'bold italic' (b/it) with NFSS spec.:
(fontspec)             <->"Menlo/BI/AAT"
(fontspec)             - 'bold italic small caps'  (b/scit) with NFSS spec.: 
(fontspec)             and font adjustment code:
(fontspec)             \fontdimen 2\font =1\fontdimen 2\font \fontdimen 3\font
(fontspec)             =0\fontdimen 3\font \fontdimen 4\font =0\fontdimen
(fontspec)             4\font \fontdimen 7\font =0\fontdimen 2\font
(fontspec)             \tex_hyphenchar:D \font =-1\scan_stop: 

(unicode-math.sty
Package: unicode-math 2020/01/31 v0.8q Unicode maths in XeLaTeX and LuaLaTeX
 (unicode-math-xetex.sty
Package: unicode-math-xetex 2020/01/31 v0.8q Unicode maths in XeLaTeX and LuaLa
TeX
 (amsmath.sty
Package: amsmath 2021/10/15 v2.17l AMS math features
\@mathmargin=\skip57

For additional information on amsmath, use the `?' option.
(amstext.sty
Package: amstext 2021/08/26 v2.01 AMS text
 (amsgen.sty
File: amsgen.sty 1999/11/30 v2.0 generic functions
\@emptytoks=\toks16
\ex@=\dimen174
)) (amsbsy.sty
Package: amsbsy 1999/11/29 v1.2d Bold Symbols
\pmbraise@=\dimen175
) (amsopn.sty
Package: amsopn 2021/08/26 v2.02 operator names
)
\inf@bad=\count290
LaTeX Info: Redefining \frac on input line 234.
\uproot@=\count291
\leftroot@=\count292
LaTeX Info: Redefining \overline on input line 399.
\classnum@=\count293
\DOTSCASE@=\count294
LaTeX Info: Redefining \ldots on input line 496.
LaTeX Info: Redefining \dots on input line 499.
LaTeX Info: Redefining \cdots on input line 620.
\Mathstrutbox@=\box53
\strutbox@=\box54
\big@size=\dimen176
LaTeX Font Info:    Redeclaring font encoding OML on input line 743.
LaTeX Font Info:    Redeclaring font encoding OMS on input line 744.
\macc@depth=\count295
\c@MaxMatrixCols=\count296
\dotsspace@=\muskip17
\c@parentequation=\count297
\dspbrk@lvl=\count298
\tag@help=\toks17
\row@=\count299
\column@=\count300
\maxfields@=\count301
\andhelp@=\toks18
\eqnshift@=\dimen177
\alignsep@=\dimen178
\tagshift@=\dimen179
\tagwidth@=\dimen180
\totwidth@=\dimen181
\lineht@=\dimen182
\@envbody=\toks19
\multlinegap=\skip58
\multlinetaggap=\skip59
\mathdisplay@stack=\toks20
LaTeX Info: Redefining \[ on input line 2938.
LaTeX Info: Redefining \] on input line 2939.
)
\g__um_fam_int=\count302
\g__um_fonts_used_int=\count303
\l__um_primecount_int=\count304
\g__um_primekern_muskip=\muskip18
 (unicode-math-table.tex)))

Package fontspec Info: Could not resolve font "STIX Two Math/B" (it probably
(fontspec)             doesn't exist).


Package fontspec Info: Font family 'STIXTwoMath(0)' created for font 'STIX Two
(fontspec)             Math' with options
(fontspec)             [BoldItalicFont={},ItalicFont={},SmallCapsFont={},Script
=Math].
(fontspec)              
(fontspec)              This font family consists of the following NFSS
(fontspec)             series/shapes:
(fontspec)              
(fontspec)             - 'normal' (m/n) with NFSS spec.: <->"STIX Two
(fontspec)             Math/OT:script=math;language=dflt;"
(fontspec)             - 'small caps'  (m/sc) with NFSS spec.: 


Package fontspec Info: Could not resolve font "STIX Two Math/B" (it probably
(fontspec)             doesn't exist).


Package fontspec Info: Font family 'STIXTwoMath(1)' created for font 'STIX Two
(fontspec)             Math' with options
(fontspec)             [BoldItalicFont={},ItalicFont={},SmallCapsFont={},Script
=Math,SizeFeatures={{Size=10.2-},{Size=7.5-10.2,Font=STIX
(fontspec)             Two Math,Style=MathScript},{Size=-7.5,Font=STIX Two
(fontspec)             Math,Style=MathScriptScript}}].
(fontspec)              
(fontspec)              This font family consists of the following NFSS
(fontspec)             series/shapes:
(fontspec)              
(fontspec)             - 'normal' (m/n) with NFSS spec.: <10.2->"STIX Two
(fontspec)             Math/OT:script=math;language=dflt;"<7.5-10.2>"STIX Two
(fontspec)             Math/OT:script=math;language=dflt;+ssty=0;"<-7.5>"STIX
(fontspec)             Two Math/OT:script=math;language=dflt;+ssty=1;"
(fontspec)             - 'small caps'  (m/sc) with NFSS spec.: 

LaTeX Font Info:    Encoding `OT1' has changed to `TU' for symbol font
(Font)              `operators' in the math version `normal' on input line 15.
LaTeX Font Info:    Overwriting symbol font `operators' in version `normal'
(Font)                  OT1/cmr/m/n --> TU/STIXTwoMath(1)/m/n on input line 15.

LaTeX Font Info:    Encoding `OT1' has changed to `TU' for symbol font
(Font)              `operators' in the math version `bold' on input line 15.
LaTeX Font Info:    Overwriting symbol font `operators' in version `bold'
(Font)                  OT1/cmr/bx/n --> TU/STIXTwoMath(1)/b/n on input line 15
.

Package fontspec Info: STIX Two Math scale = 1.0001.


Package fontspec Info: Could not resolve font "STIX Two Math/B" (it probably
(fontspec)             doesn't exist).


Package fontspec Info: STIX Two Math scale = 1.0001.


Package fontspec Info: STIX Two Math scale = 1.0001.


Package fontspec Info: STIX Two Math scale = 1.0001.


Package fontspec Info: Font family 'STIXTwoMath(2)' created for font 'STIX Two
(fontspec)             Math' with options
(fontspec)             [BoldItalicFont={},ItalicFont={},SmallCapsFont={},Script
=Math,SizeFeatures={{Size=10.2-},{Size=7.5-10.2,Font=STIX
(fontspec)             Two Math,Style=MathScript},{Size=-7.5,Font=STIX Two
(fontspec)             Math,Style=MathScriptScript}},ScaleAgain=1.0001,FontAdju
stment={\fontdimen
(fontspec)             8\font =7.68pt\relax \fontdimen 9\font =7.02pt\relax
(fontspec)             \fontdimen 10\font =5.64pt\relax \fontdimen 11\font
(fontspec)             =7.68pt\relax \fontdimen 12\font =7.02pt\relax
(fontspec)             \fontdimen 13\font =4.32pt\relax \fontdimen 14\font
(fontspec)             =4.32pt\relax \fontdimen 15\font =3.024pt\relax
(fontspec)             \fontdimen 16\font =2.52pt\relax \fontdimen 17\font
(fontspec)             =2.52pt\relax \fontdimen 18\font =2.76pt\relax
(fontspec)             \fontdimen 19\font =1.92pt\relax \fontdimen 22\font
(fontspec)             =3.096pt\relax \fontdimen 20\font =0pt\relax \fontdimen
(fontspec)             21\font =0pt\relax }].
(fontspec)              
(fontspec)              This font family consists of the following NFSS
(fontspec)             series/shapes:
(fontspec)              
(fontspec)             - 'normal' (m/n) with NFSS spec.:
(fontspec)             <10.2->s*[1.0001]"STIX Two
(fontspec)             Math/OT:script=math;language=dflt;"<7.5-10.2>s*[1.0001]"
STIX
(fontspec)             Two
(fontspec)             Math/OT:script=math;language=dflt;+ssty=0;"<-7.5>s*[1.00
01]"STIX
(fontspec)             Two Math/OT:script=math;language=dflt;+ssty=1;"
(fontspec)             - 'small caps'  (m/sc) with NFSS spec.: 
(fontspec)             and font adjustment code:
(fontspec)             \fontdimen 8\font =7.68pt\relax \fontdimen 9\font
(fontspec)             =7.02pt\relax \fontdimen 10\font =5.64pt\relax
(fontspec)             \fontdimen 11\font =7.68pt\relax \fontdimen 12\font
(fontspec)             =7.02pt\relax \fontdimen 13\font =4.32pt\relax
(fontspec)             \fontdimen 14\font =4.32pt\relax \fontdimen 15\font
(fontspec)             =3.024pt\relax \fontdimen 16\font =2.52pt\relax
(fontspec)             \fontdimen 17\font =2.52pt\relax \fontdimen 18\font
(fontspec)             =2.76pt\relax \fontdimen 19\font =1.92pt\relax
(fontspec)             \fontdimen 22\font =3.096pt\relax \fontdimen 20\font
(fontspec)             =0pt\relax \fontdimen 21\font =0pt\relax 

LaTeX Font Info:    Encoding `OMS' has changed to `TU' for symbol font
(Font)              `symbols' in the math version `normal' on input line 15.
LaTeX Font Info:    Overwriting symbol font `symbols' in version `normal'
(Font)                  OMS/cmsy/m/n --> TU/STIXTwoMath(2)/m/n on input line 15
.
LaTeX Font Info:    Encoding `OMS' has changed to `TU' for symbol font
(Font)              `symbols' in the math version `bold' on input line 15.
LaTeX Font Info:    Overwriting symbol font `symbols' in version `bold'
(Font)                  OMS/cmsy/b/n --> TU/STIXTwoMath(2)/b/n on input line 15
.

Package fontspec Info: STIX Two Math scale = 0.9999.


Package fontspec Info: Could not resolve font "STIX Two Math/B" (it probably
(fontspec)             doesn't exist).


Package fontspec Info: STIX Two Math scale = 0.9999.


Package fontspec Info: STIX Two Math scale = 0.9999.


Package fontspec Info: STIX Two Math scale = 0.9999.


Package fontspec Info: Font family 'STIXTwoMath(3)' created for font 'STIX Two
(fontspec)             Math' with options
(fontspec)             [BoldItalicFont={},ItalicFont={},SmallCapsFont={},Script
=Math,SizeFeatures={{Size=10.2-},{Size=7.5-10.2,Font=STIX
(fontspec)             Two Math,Style=MathScript},{Size=-7.5,Font=STIX Two
(fontspec)             Math,Style=MathScriptScript}},ScaleAgain=0.9999,FontAdju
stment={\fontdimen
(fontspec)             8\font =0.816pt\relax \fontdimen 9\font =1.62pt\relax
(fontspec)             \fontdimen 10\font =1.62pt\relax \fontdimen 11\font
(fontspec)             =3.6pt\relax \fontdimen 12\font =8.04pt\relax
(fontspec)             \fontdimen 13\font =0pt\relax }].
(fontspec)              
(fontspec)              This font family consists of the following NFSS
(fontspec)             series/shapes:
(fontspec)              
(fontspec)             - 'normal' (m/n) with NFSS spec.:
(fontspec)             <10.2->s*[0.9999]"STIX Two
(fontspec)             Math/OT:script=math;language=dflt;"<7.5-10.2>s*[0.9999]"
STIX
(fontspec)             Two
(fontspec)             Math/OT:script=math;language=dflt;+ssty=0;"<-7.5>s*[0.99
99]"STIX
(fontspec)             Two Math/OT:script=math;language=dflt;+ssty=1;"
(fontspec)             - 'small caps'  (m/sc) with NFSS spec.: 
(fontspec)             and font adjustment code:
(fontspec)             \fontdimen 8\font =0.816pt\relax \fontdimen 9\font
(fontspec)             =1.62pt\relax \fontdimen 10\font =1.62pt\relax
(fontspec)             \fontdimen 11\font =3.6pt\relax \fontdimen 12\font
(fontspec)             =8.04pt\relax \fontdimen 13\font =0pt\relax 

LaTeX Font Info:    Encoding `OMX' has changed to `TU' for symbol font
(Font)              `largesymbols' in the math version `normal' on input line 1
5.
LaTeX Font Info:    Overwriting symbol font `largesymbols' in version `normal'
(Font)                  OMX/cmex/m/n --> TU/STIXTwoMath(3)/m/n on input line 15
.
LaTeX Font Info:    Encoding `OMX' has changed to `TU' for symbol font
(Font)              `largesymbols' in the math version `bold' on input line 15.

LaTeX Font Info:    Overwriting symbol font `largesymbols' in version `bold'
(Font)                  OMX/cmex/m/n --> TU/STIXTwoMath(3)/b/n on input line 15
.
 (geometry.sty
Package: geometry 2020/01/02 v5.9 Page Geometry
 (keyval.sty
Package: keyval 2014/10/28 v1.15 key=value parser (DPC)
\KV@toks@=\toks21
) (ifvtex.sty
Package: ifvtex 2019/10/25 v1.7 ifvtex legacy package. Use iftex instead.
 (iftex.sty
Package: iftex 2022/02/03 v1.0f TeX engine tests
))
\Gm@cnth=\count305
\Gm@cntv=\count306
\c@Gm@tempcnt=\count307
\Gm@bindingoffset=\dimen183
\Gm@wd@mp=\dimen184
\Gm@odd@mp=\dimen185
\Gm@even@mp=\dimen186
\Gm@layoutwidth=\dimen187
\Gm@layoutheight=\dimen188
\Gm@layouthoffset=\dimen189
\Gm@layoutvoffset=\dimen190
\Gm@dimlist=\toks22
) (fancyhdr.sty
Package: fancyhdr 2021/01/28 v4.0.1 Extensive control of page headers and foote
rs
\f@nch@headwidth=\skip60
\f@nch@O@elh=\skip61
\f@nch@O@erh=\skip62
\f@nch@O@olh=\skip63
\f@nch@O@orh=\skip64
\f@nch@O@elf=\skip65
\f@nch@O@erf=\skip66
\f@nch@O@olf=\skip67
\f@nch@O@orf=\skip68
)
(hyperref.sty
Package: hyperref 2022-02-21 v7.00n Hypertext links for LaTeX
 (ltxcmds.sty
Package: ltxcmds 2020-05-10 v1.25 LaTeX kernel commands for general use (HO)
) (pdftexcmds.sty
Package: pdftexcmds 2020-06-27 v0.33 Utility functions of pdfTeX for LuaTeX (HO
)
 (infwarerr.sty
Package: infwarerr 2019/12/03 v1.5 Providing info/warning/error messages (HO)
)
Package pdftexcmds Info: \pdf@primitive is available.
Package pdftexcmds Info: \pdf@ifprimitive is available.
Package pdftexcmds Info: \pdfdraftmode not found.
) (kvsetkeys.sty
Package: kvsetkeys 2019/12/15 v1.18 Key value parser (HO)
)
(kvdefinekeys.sty
Package: kvdefinekeys 2019-12-19 v1.6 Define keys (HO)
) (pdfescape.sty
Package: pdfescape 2019/12/09 v1.15 Implements pdfTeX's escape features (HO)
) (hycolor.sty
Package: hycolor 2020-01-27 v1.10 Color options for hyperref/bookmark (HO)
) (letltxmacro.sty
Package: letltxmacro 2019/12/03 v1.6 Let assignment for LaTeX macros (HO)
) (auxhook.sty
Package: auxhook 2019-12-17 v1.6 Hooks for auxiliary files (HO)
) (kvoptions.sty
Package: kvoptions 2020-10-07 v3.14 Key value format for package options (HO)
)
\@linkdim=\dimen191
\Hy@linkcounter=\count308
\Hy@pagecounter=\count309
 (pd1enc.def
File: pd1enc.def 2022-02-21 v7.00n Hyperref: PDFDocEncoding definition (HO)
) (intcalc.sty
Package: intcalc 2019/12/15 v1.3 Expandable calculations with integers (HO)
) (etexcmds.sty
Package: etexcmds 2019/12/15 v1.7 Avoid name clashes with e-TeX commands (HO)
)
\Hy@SavedSpaceFactor=\count310
 (puenc.def
File: puenc.def 2022-02-21 v7.00n Hyperref: PDF Unicode definition (HO)
)
Package hyperref Info: Option `unicode' set `true' on input line 4018.
Package hyperref Info: Hyper figures OFF on input line 4137.
Package hyperref Info: Link nesting OFF on input line 4142.
Package hyperref Info: Hyper index ON on input line 4145.
Package hyperref Info: Plain pages OFF on input line 4152.
Package hyperref Info: Backreferencing OFF on input line 4157.
Package hyperref Info: Implicit mode ON; LaTeX internals redefined.
Package hyperref Info: Bookmarks ON on input line 4390.
\c@Hy@tempcnt=\count311

(url.sty
\Urlmuskip=\muskip19
Package: url 2013/09/16  ver 3.4  Verb mode for urls, etc.
)
LaTeX Info: Redefining \url on input line 4749.
\XeTeXLinkMargin=\dimen192
 (bitset.sty
Package: bitset 2019/12/09 v1.3 Handle bit-vector datatype (HO)
 (bigintcalc.sty
Package: bigintcalc 2019/12/15 v1.5 Expandable calculations on big integers (HO
)
))
\Fld@menulength=\count312
\Field@Width=\dimen193
\Fld@charsize=\dimen194
Package hyperref Info: Hyper figures OFF on input line 6027.
Package hyperref Info: Link nesting OFF on input line 6032.
Package hyperref Info: Hyper index ON on input line 6035.
Package hyperref Info: backreferencing OFF on input line 6042.
Package hyperref Info: Link coloring OFF on input line 6047.
Package hyperref Info: Link coloring with OCG OFF on input line 6052.
Package hyperref Info: PDF/A mode OFF on input line 6057.
LaTeX Info: Redefining \ref on input line 6097.
LaTeX Info: Redefining \pageref on input line 6101.
 (atbegshi-ltx.sty
Package: atbegshi-ltx 2021/01/10 v1.0c Emulation of the original atbegshi
package with kernel methods
)
\Hy@abspage=\count313
\c@Item=\count314
\c@Hfootnote=\count315
)
Package hyperref Info: Driver (autodetected): hxetex.
 (hxetex.def
File: hxetex.def 2022-02-21 v7.00n Hyperref driver for XeTeX

(stringenc.sty
Package: stringenc 2019/11/29 v1.12 Convert strings between diff. encodings (HO
)
)
\pdfm@box=\box55
\c@Hy@AnnotLevel=\count316
\HyField@AnnotCount=\count317
\Fld@listcount=\count318
\c@bookmark@seq@number=\count319
 (rerunfilecheck.sty
Package: rerunfilecheck 2019/12/05 v1.9 Rerun checks for auxiliary files (HO)
 (atveryend-ltx.sty
Package: atveryend-ltx 2020/08/19 v1.0a Emulation of the original atveryend pac
kage
with kernel methods
) (uniquecounter.sty
Package: uniquecounter 2019/12/15 v1.4 Provide unlimited unique counter (HO)
)
Package uniquecounter Info: New unique counter `rerunfilecheck' on input line 2
86.
)
\Hy@SectionHShift=\skip69
)
Package hyperref Info: Option `colorlinks' set `true' on input line 19.

(subfiles.sty
Package: subfiles 2020/11/14 v2.2 Multi-file projects (package)
 (import.sty
Package: import 2020/04/01  v 6.2
)) (tikz.sty (pgf.sty (pgfrcs.sty (pgfutil-common.tex
\pgfutil@everybye=\toks23
\pgfutil@tempdima=\dimen195
\pgfutil@tempdimb=\dimen196

(pgfutil-common-lists.tex)) (pgfutil-latex.def
\pgfutil@abb=\box56
) (pgfrcs.code.tex
(pgf.revision.tex)
Package: pgfrcs 2021/05/15 v3.1.9a (3.1.9a)
))
Package: pgf 2021/05/15 v3.1.9a (3.1.9a)
 (pgfcore.sty (graphicx.sty
Package: graphicx 2021/09/16 v1.2d Enhanced LaTeX Graphics (DPC,SPQR)
 (graphics.sty
Package: graphics 2021/03/04 v1.4d Standard LaTeX Graphics (DPC,SPQR)
 (trig.sty
Package: trig 2021/08/11 v1.11 sin cos tan (DPC)
)
(graphics.cfg
File: graphics.cfg 2016/06/04 v1.11 sample graphics configuration
)
Package graphics Info: Driver file: xetex.def on input line 107.
 (xetex.def
File: xetex.def 2021/03/18 v5.0k Graphics/color driver for xetex
))
\Gin@req@height=\dimen197
\Gin@req@width=\dimen198
) (pgfsys.sty (pgfsys.code.tex
Package: pgfsys 2021/05/15 v3.1.9a (3.1.9a)
 (pgfkeys.code.tex
\pgfkeys@pathtoks=\toks24
\pgfkeys@temptoks=\toks25

(pgfkeysfiltered.code.tex
\pgfkeys@tmptoks=\toks26
))
\pgf@x=\dimen199
\pgf@y=\dimen256
\pgf@xa=\dimen257
\pgf@ya=\dimen258
\pgf@xb=\dimen259
\pgf@yb=\dimen260
\pgf@xc=\dimen261
\pgf@yc=\dimen262
\pgf@xd=\dimen263
\pgf@yd=\dimen264
\w@pgf@writea=\write3
\r@pgf@reada=\read2
\c@pgf@counta=\count320
\c@pgf@countb=\count321
\c@pgf@countc=\count322
\c@pgf@countd=\count323
\t@pgf@toka=\toks27
\t@pgf@tokb=\toks28
\t@pgf@tokc=\toks29
\pgf@sys@id@count=\count324
 (pgf.cfg
File: pgf.cfg 2021/05/15 v3.1.9a (3.1.9a)
)
Driver file for pgf: pgfsys-xetex.def
 (pgfsys-xetex.def
File: pgfsys-xetex.def 2021/05/15 v3.1.9a (3.1.9a)
 (pgfsys-dvipdfmx.def
File: pgfsys-dvipdfmx.def 2021/05/15 v3.1.9a (3.1.9a)

(pgfsys-common-pdf.def
File: pgfsys-common-pdf.def 2021/05/15 v3.1.9a (3.1.9a)
)
\pgfsys@objnum=\count325
))) (pgfsyssoftpath.code.tex
File: pgfsyssoftpath.code.tex 2021/05/15 v3.1.9a (3.1.9a)
\pgfsyssoftpath@smallbuffer@items=\count326
\pgfsyssoftpath@bigbuffer@items=\count327
) (pgfsysprotocol.code.tex
File: pgfsysprotocol.code.tex 2021/05/15 v3.1.9a (3.1.9a)
)) (xcolor.sty
Package: xcolor 2021/10/31 v2.13 LaTeX color extensions (UK)
 (color.cfg
File: color.cfg 2016/01/02 v1.6 sample color configuration
)
Package xcolor Info: Driver file: xetex.def on input line 227.
Package xcolor Info: Model `cmy' substituted by `cmy0' on input line 1352.
Package xcolor Info: Model `RGB' extended on input line 1368.
Package xcolor Info: Model `HTML' substituted by `rgb' on input line 1370.
Package xcolor Info: Model `Hsb' substituted by `hsb' on input line 1371.
Package xcolor Info: Model `tHsb' substituted by `hsb' on input line 1372.
Package xcolor Info: Model `HSB' substituted by `hsb' on input line 1373.
Package xcolor Info: Model `Gray' substituted by `gray' on input line 1374.
Package xcolor Info: Model `wave' substituted by `hsb' on input line 1375.
) (pgfcore.code.tex
Package: pgfcore 2021/05/15 v3.1.9a (3.1.9a)
 (pgfmath.code.tex
(pgfmathcalc.code.tex (pgfmathutil.code.tex) (pgfmathparser.code.tex
\pgfmath@dimen=\dimen265
\pgfmath@count=\count328
\pgfmath@box=\box57
\pgfmath@toks=\toks30
\pgfmath@stack@operand=\toks31
\pgfmath@stack@operation=\toks32
)
(pgfmathfunctions.code.tex (pgfmathfunctions.basic.code.tex)
(pgfmathfunctions.trigonometric.code.tex) (pgfmathfunctions.random.code.tex)
(pgfmathfunctions.comparison.code.tex) (pgfmathfunctions.base.code.tex)
(pgfmathfunctions.round.code.tex) (pgfmathfunctions.misc.code.tex)
(pgfmathfunctions.integerarithmetics.code.tex))) (pgfmathfloat.code.tex
\c@pgfmathroundto@lastzeros=\count329
))
(pgfint.code.tex) (pgfcorepoints.code.tex
File: pgfcorepoints.code.tex 2021/05/15 v3.1.9a (3.1.9a)
\pgf@picminx=\dimen266
\pgf@picmaxx=\dimen267
\pgf@picminy=\dimen268
\pgf@picmaxy=\dimen269
\pgf@pathminx=\dimen270
\pgf@pathmaxx=\dimen271
\pgf@pathminy=\dimen272
\pgf@pathmaxy=\dimen273
\pgf@xx=\dimen274
\pgf@xy=\dimen275
\pgf@yx=\dimen276
\pgf@yy=\dimen277
\pgf@zx=\dimen278
\pgf@zy=\dimen279
) (pgfcorepathconstruct.code.tex
File: pgfcorepathconstruct.code.tex 2021/05/15 v3.1.9a (3.1.9a)
\pgf@path@lastx=\dimen280
\pgf@path@lasty=\dimen281
)
(pgfcorepathusage.code.tex
File: pgfcorepathusage.code.tex 2021/05/15 v3.1.9a (3.1.9a)
\pgf@shorten@end@additional=\dimen282
\pgf@shorten@start@additional=\dimen283
) (pgfcorescopes.code.tex
File: pgfcorescopes.code.tex 2021/05/15 v3.1.9a (3.1.9a)
\pgfpic=\box58
\pgf@hbox=\box59
\pgf@layerbox@main=\box60
\pgf@picture@serial@count=\count330
)
(pgfcoregraphicstate.code.tex
File: pgfcoregraphicstate.code.tex 2021/05/15 v3.1.9a (3.1.9a)
\pgflinewidth=\dimen284
) (pgfcoretransformations.code.tex
File: pgfcoretransformations.code.tex 2021/05/15 v3.1.9a (3.1.9a)
\pgf@pt@x=\dimen285
\pgf@pt@y=\dimen286
\pgf@pt@temp=\dimen287
)
(pgfcorequick.code.tex
File: pgfcorequick.code.tex 2021/05/15 v3.1.9a (3.1.9a)
) (pgfcoreobjects.code.tex
File: pgfcoreobjects.code.tex 2021/05/15 v3.1.9a (3.1.9a)
)
(pgfcorepathprocessing.code.tex
File: pgfcorepathprocessing.code.tex 2021/05/15 v3.1.9a (3.1.9a)
) (pgfcorearrows.code.tex
File: pgfcorearrows.code.tex 2021/05/15 v3.1.9a (3.1.9a)
\pgfarrowsep=\dimen288
)
(pgfcoreshade.code.tex
File: pgfcoreshade.code.tex 2021/05/15 v3.1.9a (3.1.9a)
\pgf@max=\dimen289
\pgf@sys@shading@range@num=\count331
\pgf@shadingcount=\count332
) (pgfcoreimage.code.tex
File: pgfcoreimage.code.tex 2021/05/15 v3.1.9a (3.1.9a)
 (pgfcoreexternal.code.tex
File: pgfcoreexternal.code.tex 2021/05/15 v3.1.9a (3.1.9a)
\pgfexternal@startupbox=\box61
))
(pgfcorelayers.code.tex
File: pgfcorelayers.code.tex 2021/05/15 v3.1.9a (3.1.9a)
) (pgfcoretransparency.code.tex
File: pgfcoretransparency.code.tex 2021/05/15 v3.1.9a (3.1.9a)
)
(pgfcorepatterns.code.tex
File: pgfcorepatterns.code.tex 2021/05/15 v3.1.9a (3.1.9a)
) (pgfcorerdf.code.tex
File: pgfcorerdf.code.tex 2021/05/15 v3.1.9a (3.1.9a)
))) (pgfmoduleshapes.code.tex
File: pgfmoduleshapes.code.tex 2021/05/15 v3.1.9a (3.1.9a)
\pgfnodeparttextbox=\box62
)
(pgfmoduleplot.code.tex
File: pgfmoduleplot.code.tex 2021/05/15 v3.1.9a (3.1.9a)
) (pgfcomp-version-0-65.sty
Package: pgfcomp-version-0-65 2021/05/15 v3.1.9a (3.1.9a)
\pgf@nodesepstart=\dimen290
\pgf@nodesepend=\dimen291
) (pgfcomp-version-1-18.sty
Package: pgfcomp-version-1-18 2021/05/15 v3.1.9a (3.1.9a)
)) (pgffor.sty (pgfkeys.sty (pgfkeys.code.tex)) (pgfmath.sty (pgfmath.code.tex)
)
(pgffor.code.tex
Package: pgffor 2021/05/15 v3.1.9a (3.1.9a)
 (pgfmath.code.tex)
\pgffor@iter=\dimen292
\pgffor@skip=\dimen293
\pgffor@stack=\toks33
\pgffor@toks=\toks34
)) (tikz.code.tex
Package: tikz 2021/05/15 v3.1.9a (3.1.9a)

(pgflibraryplothandlers.code.tex
File: pgflibraryplothandlers.code.tex 2021/05/15 v3.1.9a (3.1.9a)
\pgf@plot@mark@count=\count333
\pgfplotmarksize=\dimen294
)
\tikz@lastx=\dimen295
\tikz@lasty=\dimen296
\tikz@lastxsaved=\dimen297
\tikz@lastysaved=\dimen298
\tikz@lastmovetox=\dimen299
\tikz@lastmovetoy=\dimen300
\tikzleveldistance=\dimen301
\tikzsiblingdistance=\dimen302
\tikz@figbox=\box63
\tikz@figbox@bg=\box64
\tikz@tempbox=\box65
\tikz@tempbox@bg=\box66
\tikztreelevel=\count334
\tikznumberofchildren=\count335
\tikznumberofcurrentchild=\count336
\tikz@fig@count=\count337
 (pgfmodulematrix.code.tex
File: pgfmodulematrix.code.tex 2021/05/15 v3.1.9a (3.1.9a)
\pgfmatrixcurrentrow=\count338
\pgfmatrixcurrentcolumn=\count339
\pgf@matrix@numberofcolumns=\count340
)
\tikz@expandcount=\count341

(tikzlibrarytopaths.code.tex
File: tikzlibrarytopaths.code.tex 2021/05/15 v3.1.9a (3.1.9a)
))) (tikzlibraryshapes.geometric.code.tex
File: tikzlibraryshapes.geometric.code.tex 2021/05/15 v3.1.9a (3.1.9a)

(pgflibraryshapes.geometric.code.tex
File: pgflibraryshapes.geometric.code.tex 2021/05/15 v3.1.9a (3.1.9a)
)) (pgflibraryarrows.meta.code.tex
File: pgflibraryarrows.meta.code.tex 2021/05/15 v3.1.9a (3.1.9a)
\pgfarrowinset=\dimen303
\pgfarrowlength=\dimen304
\pgfarrowwidth=\dimen305
\pgfarrowlinewidth=\dimen306
)
(tikzlibrarypositioning.code.tex
File: tikzlibrarypositioning.code.tex 2021/05/15 v3.1.9a (3.1.9a)
) (tikzlibraryshadows.code.tex
File: tikzlibraryshadows.code.tex 2021/05/15 v3.1.9a (3.1.9a)

(tikzlibraryfadings.code.tex
File: tikzlibraryfadings.code.tex 2021/05/15 v3.1.9a (3.1.9a)
 (pgflibraryfadings.code.tex
File: pgflibraryfadings.code.tex 2021/05/15 v3.1.9a (3.1.9a)
)))
(tikzlibrarycalc.code.tex
File: tikzlibrarycalc.code.tex 2021/05/15 v3.1.9a (3.1.9a)
) (tikzlibraryfit.code.tex
File: tikzlibraryfit.code.tex 2021/05/15 v3.1.9a (3.1.9a)
) (tikzlibrarytrees.code.tex
File: tikzlibrarytrees.code.tex 2021/05/15 v3.1.9a (3.1.9a)
) (tcolorbox.sty
Package: tcolorbox 2022/01/07 version 5.0.2 text color boxes
 (verbatim.sty
Package: verbatim 2020-07-07 v1.5u LaTeX2e package for verbatim enhancements
\every@verbatim=\toks35
\verbatim@line=\toks36
\verbatim@in@stream=\read3
) (environ.sty
Package: environ 2014/05/04 v0.3 A new way to define environments
 (trimspaces.sty
Package: trimspaces 2009/09/17 v1.1 Trim spaces around a token list
)) (etoolbox.sty
Package: etoolbox 2020/10/05 v2.5k e-TeX tools for LaTeX (JAW)
\etb@tempcnta=\count342
)
\tcb@titlebox=\box67
\tcb@upperbox=\box68
\tcb@lowerbox=\box69
\tcb@phantombox=\box70
\c@tcbbreakpart=\count343
\c@tcblayer=\count344
\c@tcolorbox@number=\count345
\tcb@temp=\box71
\tcb@temp=\box72
\tcb@temp=\box73
\tcb@temp=\box74

(tcbraster.code.tex
Library (tcolorbox): 'tcbraster.code.tex' version '5.0.2'
\c@tcbrastercolumn=\count346
\c@tcbrasterrow=\count347
\c@tcbrasternum=\count348
\c@tcbraster=\count349
) (tcbskins.code.tex
Library (tcolorbox): 'tcbskins.code.tex' version '5.0.2'
\tcb@waterbox=\box75
(tcbskinsjigsaw.code.tex
Library (tcolorbox): 'tcbskinsjigsaw.code.tex' version '5.0.2'
)) (tcbbreakable.code.tex
Library (tcolorbox): 'tcbbreakable.code.tex' version '5.0.2'
(pdfcol.sty
Package: pdfcol 2019/12/29 v1.6 Handle new color stacks for pdfTeX (HO)
Package pdfcol Info: Interface disabled because of missing PDF mode of pdfTeX.
)
Package pdfcol Info: pdfTeX's color stacks are not available.
\tcb@testbox=\box76
\tcb@totalupperbox=\box77
\tcb@totallowerbox=\box78
) (tcbhooks.code.tex
Library (tcolorbox): 'tcbhooks.code.tex' version '5.0.2'
) (tcbtheorems.code.tex
Library (tcolorbox): 'tcbtheorems.code.tex' version '5.0.2'
) (tcbfitting.code.tex
Library (tcolorbox): 'tcbfitting.code.tex' version '5.0.2'
\tcbfitdim=\dimen307
\tcb@lowerfitdim=\dimen308
\tcb@upperfitdim=\dimen309
\tcb@cur@hbadness=\count350
) (tcbxparse.code.tex
Library (tcolorbox): 'tcbxparse.code.tex' version '5.0.2'
) (tcblistingsutf8.code.tex
Library (tcolorbox): 'tcblistingsutf8.code.tex' version '5.0.2'
(tcblistings.code.tex
Library (tcolorbox): 'tcblistings.code.tex' version '5.0.2'
(listings.sty
\lst@mode=\count351
\lst@gtempboxa=\box79
\lst@token=\toks37
\lst@length=\count352
\lst@currlwidth=\dimen310
\lst@column=\count353
\lst@pos=\count354
\lst@lostspace=\dimen311
\lst@width=\dimen312
\lst@newlines=\count355
\lst@lineno=\count356
\lst@maxwidth=\dimen313
 (lstmisc.sty
File: lstmisc.sty 2020/03/24 1.8d (Carsten Heinz)
\c@lstnumber=\count357
\lst@skipnumbers=\count358
\lst@framebox=\box80
) (listings.cfg
File: listings.cfg 2020/03/24 1.8d listings configuration
))
Package: listings 2020/03/24 1.8d (Carsten Heinz)
 (xeCJK-listings.sty
Package: xeCJK-listings 2021/12/12 v3.8.8 xeCJK patch file for listings
\l__xeCJK_listings_max_char_int=\count359
\l__xeCJK_listings_flag_int=\count360
)
(tcblistingscore.code.tex
Library (tcolorbox): 'tcblistingscore.code.tex' version '5.0.2'
(tcbprocessing.code.tex
Library (tcolorbox): 'tcbprocessing.code.tex' version '5.0.2'
(shellesc.sty
Package: shellesc 2019/11/08 v1.0c unified shell escape interface for LaTeX


Package shellesc Warning: Shell escape disabled on input line 73.

))
\c@tcblisting=\count361
))
Package tcolorbox Info: Library `listingsutf8' is compatible with pdftex only. 
Library `listings` is loaded instead. on input line 29.
) (tcbexternal.code.tex
Library (tcolorbox): 'tcbexternal.code.tex' version '5.0.2'
) (tcbmagazine.code.tex
Library (tcolorbox): 'tcbmagazine.code.tex' version '5.0.2'
) (tcbvignette.code.tex
Library (tcolorbox): 'tcbvignette.code.tex' version '5.0.2'
) (tcbposter.code.tex
Library (tcolorbox): 'tcbposter.code.tex' version '5.0.2'
)) (booktabs.sty
Package: booktabs 2020/01/12 v1.61803398 Publication quality tables
\heavyrulewidth=\dimen314
\lightrulewidth=\dimen315
\cmidrulewidth=\dimen316
\belowrulesep=\dimen317
\belowbottomsep=\dimen318
\aboverulesep=\dimen319
\abovetopsep=\dimen320
\cmidrulesep=\dimen321
\cmidrulekern=\dimen322
\defaultaddspace=\dimen323
\@cmidla=\count362
\@cmidlb=\count363
\@aboverulesep=\dimen324
\@belowrulesep=\dimen325
\@thisruleclass=\count364
\@lastruleclass=\count365
\@thisrulewidth=\dimen326
) (main_gift.aux)
\openout1 = `main_gift.aux'.

LaTeX Font Info:    Checking defaults for OML/cmm/m/it on input line 142.
LaTeX Font Info:    ... okay on input line 142.
LaTeX Font Info:    Checking defaults for OMS/cmsy/m/n on input line 142.
LaTeX Font Info:    ... okay on input line 142.
LaTeX Font Info:    Checking defaults for OT1/cmr/m/n on input line 142.
LaTeX Font Info:    ... okay on input line 142.
LaTeX Font Info:    Checking defaults for T1/cmr/m/n on input line 142.
LaTeX Font Info:    ... okay on input line 142.
LaTeX Font Info:    Checking defaults for TS1/cmr/m/n on input line 142.
LaTeX Font Info:    ... okay on input line 142.
LaTeX Font Info:    Checking defaults for TU/lmr/m/n on input line 142.
LaTeX Font Info:    ... okay on input line 142.
LaTeX Font Info:    Checking defaults for OMX/cmex/m/n on input line 142.
LaTeX Font Info:    ... okay on input line 142.
LaTeX Font Info:    Checking defaults for U/cmr/m/n on input line 142.
LaTeX Font Info:    ... okay on input line 142.
LaTeX Font Info:    Checking defaults for PD1/pdf/m/n on input line 142.
LaTeX Font Info:    ... okay on input line 142.
LaTeX Font Info:    Checking defaults for PU/pdf/m/n on input line 142.
LaTeX Font Info:    ... okay on input line 142.
LaTeX Font Info:    Overwriting math alphabet `\mathrm' in version `normal'
(Font)                  TU/STIXTwoMath(1)/m/n --> TU/TimesNewRoman(0)/m/n on in
put line 142.
LaTeX Font Info:    Overwriting math alphabet `\mathit' in version `normal'
(Font)                  OT1/cmr/m/it --> TU/TimesNewRoman(0)/m/it on input line
 142.
LaTeX Font Info:    Overwriting math alphabet `\mathbf' in version `normal'
(Font)                  OT1/cmr/bx/n --> TU/TimesNewRoman(0)/b/n on input line 
142.
LaTeX Font Info:    Overwriting math alphabet `\mathsf' in version `normal'
(Font)                  OT1/cmss/m/n --> TU/Helvetica(0)/m/n on input line 142.

LaTeX Font Info:    Overwriting math alphabet `\mathsf' in version `bold'
(Font)                  OT1/cmss/bx/n --> TU/Helvetica(0)/b/n on input line 142
.
LaTeX Font Info:    Overwriting math alphabet `\mathtt' in version `normal'
(Font)                  OT1/cmtt/m/n --> TU/Menlo(0)/m/n on input line 142.
LaTeX Font Info:    Overwriting math alphabet `\mathtt' in version `bold'
(Font)                  OT1/cmtt/m/n --> TU/Menlo(0)/b/n on input line 142.

*geometry* driver: auto-detecting
*geometry* detected driver: xetex
*geometry* verbose mode - [ preamble ] result:
* driver: xetex
* paper: a4paper
* layout: <same size as paper>
* layoutoffset:(h,v)=(0.0pt,0.0pt)
* modes: twoside 
* h-part:(L,W,R)=(72.26999pt, 452.9679pt, 72.26999pt)
* v-part:(T,H,B)=(72.26999pt, 700.50687pt, 72.26999pt)
* \paperwidth=597.50787pt
* \paperheight=845.04684pt
* \textwidth=452.9679pt
* \textheight=700.50687pt
* \oddsidemargin=0.0pt
* \evensidemargin=0.0pt
* \topmargin=-31.8738pt
* \headheight=12.0pt
* \headsep=19.8738pt
* \topskip=12.0pt
* \footskip=30.0pt
* \marginparwidth=88.0pt
* \marginparsep=7.0pt
* \columnsep=10.0pt
* \skip\footins=10.8pt plus 4.0pt minus 2.0pt
* \hoffset=0.0pt
* \voffset=0.0pt
* \mag=1000
* \@twocolumnfalse
* \@twosidetrue
* \@mparswitchtrue
* \@reversemarginfalse
* (1in=72.27pt=25.4mm, 1cm=28.453pt)

Package hyperref Info: Link coloring ON on input line 142.
(nameref.sty
Package: nameref 2021-04-02 v2.47 Cross-referencing by name of section
 (refcount.sty
Package: refcount 2019/12/15 v3.6 Data extraction from label references (HO)
) (gettitlestring.sty
Package: gettitlestring 2019/12/15 v1.6 Cleanup title references (HO)
)
\c@section@level=\count366
)
LaTeX Info: Redefining \ref on input line 142.
LaTeX Info: Redefining \pageref on input line 142.
LaTeX Info: Redefining \nameref on input line 142.
 (main_gift.out)
(main_gift.out)
\@outlinefile=\write4
\openout4 = `main_gift.out'.

\c@lstlisting=\count367


LaTeX Font Warning: Font shape `TU/SongtiSC(0)/m/it' undefined
(Font)              using `TU/SongtiSC(0)/m/n' instead on input line 150.

[1


]
LaTeX Font Info:    Font shape `TU/TimesNewRoman(0)/m/sl' in size <12> not avai
lable
(Font)              Font shape `TU/TimesNewRoman(0)/m/it' tried instead on inpu
t line 165.
 [2

]
LaTeX Font Info:    Font shape `TU/STIXTwoMath(2)/m/n' will be
(Font)              scaled to size 14.40152pt on input line 165.
LaTeX Font Info:    Font shape `TU/STIXTwoMath(2)/m/n' will be
(Font)              scaled to size 10.00107pt on input line 165.
LaTeX Font Info:    Font shape `TU/STIXTwoMath(2)/m/n' will be
(Font)              scaled to size 7.00075pt on input line 165.
LaTeX Font Info:    Font shape `TU/STIXTwoMath(3)/m/n' will be
(Font)              scaled to size 14.39845pt on input line 165.
LaTeX Font Info:    Font shape `TU/STIXTwoMath(3)/m/n' will be
(Font)              scaled to size 9.99893pt on input line 165.
LaTeX Font Info:    Font shape `TU/STIXTwoMath(3)/m/n' will be
(Font)              scaled to size 6.99925pt on input line 165.
 [1] [2

] (frontmatter/preface_gift) [1

] (main_gift.toc
LaTeX Font Info:    Font shape `TU/STIXTwoMath(2)/m/n' will be
(Font)              scaled to size 12.00128pt on input line 3.
LaTeX Font Info:    Font shape `TU/STIXTwoMath(2)/m/n' will be
(Font)              scaled to size 8.40088pt on input line 3.
LaTeX Font Info:    Font shape `TU/STIXTwoMath(2)/m/n' will be
(Font)              scaled to size 6.60071pt on input line 3.
LaTeX Font Info:    Font shape `TU/STIXTwoMath(3)/m/n' will be
(Font)              scaled to size 11.99872pt on input line 3.
LaTeX Font Info:    Font shape `TU/STIXTwoMath(3)/m/n' will be
(Font)              scaled to size 8.3991pt on input line 3.
LaTeX Font Info:    Font shape `TU/STIXTwoMath(3)/m/n' will be
(Font)              scaled to size 6.59929pt on input line 3.
 [2

]

LaTeX Font Warning: Font shape `TU/SongtiSC(0)/m/sl' undefined
(Font)              using `TU/SongtiSC(0)/m/n' instead on input line 81.

[3] [4] [5]
Overfull \hbox (12.0146pt too wide) in paragraph at lines 146--146
 [][] [][][]\TU/SongtiSC(0)/m/it/12 组 织 的 抽 象：|  从 个 人 魅 力 到 机 构 权 威 \TU/TimesN
ewRoman(0)/m/n/12 (Institutional Abstraction: From Charisma 
 []


Overfull \hbox (3.36617pt too wide) in paragraph at lines 153--153
 [][] [][][]\TU/SongtiSC(0)/m/it/12 责 任 的 归 因：|  基 于 条 件 概 率 的 定 责 逻 辑 \TU/Time
sNewRoman(0)/m/n/12 (Attribution of Responsibility: Causal 
 []

[6])
\tf@toc=\write5
\openout5 = `main_gift.toc'.

 [7] [8

] (part1_core_logic/introduction [1

] [2] [3] [4]
Underfull \vbox (badness 2261) has occurred while \output is active []

 [5]

LaTeX Warning: Hyper reference `ch:structure' on page 6 undefined on input line
 281.

) [6] [7] [8

] (part1_core_logic/chapter1_nature_motivation [9]
Chapter 1.
[10

]
LaTeX Font Info:    Font shape `TU/STIXTwoMath(2)/m/n' will be
(Font)              scaled to size 10.95116pt on input line 83.
LaTeX Font Info:    Font shape `TU/STIXTwoMath(2)/m/n' will be
(Font)              scaled to size 8.00085pt on input line 83.
LaTeX Font Info:    Font shape `TU/STIXTwoMath(2)/m/n' will be
(Font)              scaled to size 6.00064pt on input line 83.
LaTeX Font Info:    Font shape `TU/STIXTwoMath(3)/m/n' will be
(Font)              scaled to size 10.94882pt on input line 83.
LaTeX Font Info:    Font shape `TU/STIXTwoMath(3)/m/n' will be
(Font)              scaled to size 7.99915pt on input line 83.
LaTeX Font Info:    Font shape `TU/STIXTwoMath(3)/m/n' will be
(Font)              scaled to size 5.99936pt on input line 83.
 [11]
Underfull \vbox (badness 6725) has occurred while \output is active []

 [12]
[13]
Underfull \vbox (badness 10000) has occurred while \output is active []

 [14]
[15]
Underfull \vbox (badness 10000) has occurred while \output is active []

 [16]
[17]

LaTeX Warning: Hyper reference `ch:structure' on page 18 undefined on input lin
e 424.

) (part1_core_logic/chapter2_structure_efficiency [18]
Chapter 2.
[19

]

LaTeX Warning: Hyper reference `math:selection_filter' on page 20 undefined on 
input line 75.


LaTeX Warning: Hyper reference `math:threshold_model' on page 20 undefined on i
nput line 98.

[20]
Underfull \vbox (badness 10000) has occurred while \output is active []

 [21]
Underfull \vbox (badness 10000) has occurred while \output is active []

 [22]

LaTeX Warning: Hyper reference `math:survival_constraint' on page 23 undefined 
on input line 285.

[23] [24] [25] [26] [27] [28] [29] [30] [31] [32])
(part1_core_logic/chapter3_language_information [33]
Chapter 3.

Underfull \vbox (badness 10000) has occurred while \output is active []

 [34

]
[35] [36] [37] [38] [39]) [40] [41

]
(part2_geological_determinism/chapter1_materialist_historical_view [42]
Chapter 4.
[43

] [44] [45] [46]

LaTeX Warning: Reference `chap:info_theory' on page 47 undefined on input line 
132.

[47] [48] [49]
Underfull \vbox (badness 1910) has occurred while \output is active []

 [50]
[51] [52] [53] [54] [55] [56]
Overfull \hbox (2.48445pt too wide) in paragraph at lines 384--385
[]\TU/SongtiSC(0)/m/it/12 为 什 么 理 解 了 西 方 案 例，|  下 一 个 问 题 就 是\TU/TimesNewRoman
(0)/m/n/12 ” \TU/SongtiSC(0)/m/it/12 两 个 案 例 的 机 制 如 何 对 比 验 证 理 论\TU/TimesNewR
oman(0)/m/n/12 ”\TU/SongtiSC(0)/m/it/12 ？ （指
 []

[57] [58] [59] [60] [61] [62])
(part2_geological_determinism/chapter2_survival_strategy_divergence [63]
Chapter 5.
[64

] [65] [66]
Underfull \vbox (badness 1515) has occurred while \output is active []

 [67]
Overfull \hbox (2.48445pt too wide) in paragraph at lines 122--123
[]\TU/SongtiSC(0)/m/it/12 为 什 么 理 解 了 思 想 控 制 的 必 然 性，|  下 一 个 问 题 就 是\TU/Times
NewRoman(0)/m/n/12 ” \TU/SongtiSC(0)/m/it/12 这 套 系 统 有 什 么 致 命 缺 陷\TU/TimesNewR
oman(0)/m/n/12 ”\TU/SongtiSC(0)/m/it/12 ？ （指
 []

[68] [69] [70] [71] [72]) [73] [74

]
(part3_systematic_expansion/chapter1_economic_base [75]
Chapter 6.
[76

]
Overfull \hbox (196.6141pt too wide) has occurred while \output is active
\TU/TimesNewRoman(0)/m/it/12 6.1.  \TU/SongtiSC(0)/m/it/12 供 求 关 系：|  价 格 作 为 集
 体 模 因 的 聚 合 \TU/TimesNewRoman(0)/m/it/12 (SUPPLY AND DEMAND: PRICE AS THE AGGR
EGATION OF COLLECTIVE MEMES) \TU/TimesNewRoman(0)/m/n/12 77
 []

[77]
Missing character: There is no ₂ (U+2082) in font Times New Roman/OT:script=lat
n;language=dflt;mapping=tex-text;!
[78]
Underfull \vbox (badness 1515) has occurred while \output is active []


Overfull \hbox (196.6141pt too wide) has occurred while \output is active
\TU/TimesNewRoman(0)/m/it/12 6.1.  \TU/SongtiSC(0)/m/it/12 供 求 关 系：|  价 格 作 为 集
 体 模 因 的 聚 合 \TU/TimesNewRoman(0)/m/it/12 (SUPPLY AND DEMAND: PRICE AS THE AGGR
EGATION OF COLLECTIVE MEMES) \TU/TimesNewRoman(0)/m/n/12 79
 []

[79] [80]
Overfull \hbox (27.06712pt too wide) in paragraph at lines 100--100
[]\TU/SongtiSC(0)/b/it/14.4 供 求 博 弈 的 动 态 均 衡 \TU/TimesNewRoman(0)/b/n/14.4 (Dy
namic Equilibrium of Supply-Demand Games) 
 []


Overfull \hbox (196.6141pt too wide) has occurred while \output is active
\TU/TimesNewRoman(0)/m/it/12 6.1.  \TU/SongtiSC(0)/m/it/12 供 求 关 系：|  价 格 作 为 集
 体 模 因 的 聚 合 \TU/TimesNewRoman(0)/m/it/12 (SUPPLY AND DEMAND: PRICE AS THE AGGR
EGATION OF COLLECTIVE MEMES) \TU/TimesNewRoman(0)/m/n/12 81
 []

[81]
Underfull \vbox (badness 10000) has occurred while \output is active []

 [82]
Missing character: There is no ₂ (U+2082) in font Times New Roman/OT:script=lat
n;language=dflt;mapping=tex-text;!

Overfull \hbox (196.6141pt too wide) has occurred while \output is active
\TU/TimesNewRoman(0)/m/it/12 6.1.  \TU/SongtiSC(0)/m/it/12 供 求 关 系：|  价 格 作 为 集
 体 模 因 的 聚 合 \TU/TimesNewRoman(0)/m/it/12 (SUPPLY AND DEMAND: PRICE AS THE AGGR
EGATION OF COLLECTIVE MEMES) \TU/TimesNewRoman(0)/m/n/12 83
 []

[83]) (part3_systematic_expansion/chapter2_culture_folk_institutions [84]
Chapter 7.

Underfull \vbox (badness 2644) has occurred while \output is active []

 [85

]
Overfull \hbox (127.44421pt too wide) has occurred while \output is active
\TU/TimesNewRoman(0)/m/n/12 86 \TU/TimesNewRoman(0)/m/it/12 CHAPTER 7.  \TU/Son
gtiSC(0)/m/it/12 意 识 分 支 \TU/TimesNewRoman(0)/m/it/12 I\TU/SongtiSC(0)/m/it/12 
：|  文 化 与 民 间 制 度 \TU/TimesNewRoman(0)/m/it/12 (CONSCIOUSNESS BRANCH I: CULTURE
 AND FOLK INSTITUTIONS)
 []

[86]
Overfull \hbox (112.19713pt too wide) has occurred while \output is active
\TU/TimesNewRoman(0)/m/it/12 7.1.  \TU/SongtiSC(0)/m/it/12 文 化 作 为 模 因 系 统：|  从
 语 言 到 选 择 \TU/TimesNewRoman(0)/m/it/12 (CULTURE AS A MEMETIC SYSTEM: FROM LANG
UAGE TO CHOICE) \TU/TimesNewRoman(0)/m/n/12 87
 []

[87]
Overfull \hbox (10.91264pt too wide) in paragraph at lines 103--103
[]\TU/SongtiSC(0)/b/it/14.4 模 因 如 何 驱 动 选 择：|  观 点 改 变 行 为 的 机 制 \TU/TimesNewRo
man(0)/b/n/14.4 (How Memes Drive Choice) 
 []


Underfull \vbox (badness 1810) has occurred while \output is active []


Overfull \hbox (127.44421pt too wide) has occurred while \output is active
\TU/TimesNewRoman(0)/m/n/12 88 \TU/TimesNewRoman(0)/m/it/12 CHAPTER 7.  \TU/Son
gtiSC(0)/m/it/12 意 识 分 支 \TU/TimesNewRoman(0)/m/it/12 I\TU/SongtiSC(0)/m/it/12 
：|  文 化 与 民 间 制 度 \TU/TimesNewRoman(0)/m/it/12 (CONSCIOUSNESS BRANCH I: CULTURE
 AND FOLK INSTITUTIONS)
 []

[88]
Overfull \hbox (112.19713pt too wide) has occurred while \output is active
\TU/TimesNewRoman(0)/m/it/12 7.1.  \TU/SongtiSC(0)/m/it/12 文 化 作 为 模 因 系 统：|  从
 语 言 到 选 择 \TU/TimesNewRoman(0)/m/it/12 (CULTURE AS A MEMETIC SYSTEM: FROM LANG
UAGE TO CHOICE) \TU/TimesNewRoman(0)/m/n/12 89
 []

[89]
Overfull \hbox (127.44421pt too wide) has occurred while \output is active
\TU/TimesNewRoman(0)/m/n/12 90 \TU/TimesNewRoman(0)/m/it/12 CHAPTER 7.  \TU/Son
gtiSC(0)/m/it/12 意 识 分 支 \TU/TimesNewRoman(0)/m/it/12 I\TU/SongtiSC(0)/m/it/12 
：|  文 化 与 民 间 制 度 \TU/TimesNewRoman(0)/m/it/12 (CONSCIOUSNESS BRANCH I: CULTURE
 AND FOLK INSTITUTIONS)
 []

[90]
Overfull \hbox (112.19713pt too wide) has occurred while \output is active
\TU/TimesNewRoman(0)/m/it/12 7.1.  \TU/SongtiSC(0)/m/it/12 文 化 作 为 模 因 系 统：|  从
 语 言 到 选 择 \TU/TimesNewRoman(0)/m/it/12 (CULTURE AS A MEMETIC SYSTEM: FROM LANG
UAGE TO CHOICE) \TU/TimesNewRoman(0)/m/n/12 91
 []

[91]
Overfull \hbox (127.44421pt too wide) has occurred while \output is active
\TU/TimesNewRoman(0)/m/n/12 92 \TU/TimesNewRoman(0)/m/it/12 CHAPTER 7.  \TU/Son
gtiSC(0)/m/it/12 意 识 分 支 \TU/TimesNewRoman(0)/m/it/12 I\TU/SongtiSC(0)/m/it/12 
：|  文 化 与 民 间 制 度 \TU/TimesNewRoman(0)/m/it/12 (CONSCIOUSNESS BRANCH I: CULTURE
 AND FOLK INSTITUTIONS)
 []

[92]
Overfull \hbox (3.67339pt too wide) in paragraph at lines 225--225
[]\TU/SongtiSC(0)/b/n/17.28 道 德：|  高 频 行 为 的 短 编 码 压 缩 \TU/TimesNewRoman(0)/b/n
/17.28 (Morality: Short-Encoding
 []


Overfull \hbox (95.69914pt too wide) has occurred while \output is active
\TU/TimesNewRoman(0)/m/it/12 7.2.  \TU/SongtiSC(0)/m/it/12 道 德：|  高 频 行 为 的 短 编
 码 压 缩 \TU/TimesNewRoman(0)/m/it/12 (MORALITY: SHORT-ENCODING OF HIGH-FREQUENCY
 BEHAVIORS) \TU/TimesNewRoman(0)/m/n/12 93
 []

[93]
Overfull \hbox (127.44421pt too wide) has occurred while \output is active
\TU/TimesNewRoman(0)/m/n/12 94 \TU/TimesNewRoman(0)/m/it/12 CHAPTER 7.  \TU/Son
gtiSC(0)/m/it/12 意 识 分 支 \TU/TimesNewRoman(0)/m/it/12 I\TU/SongtiSC(0)/m/it/12 
：|  文 化 与 民 间 制 度 \TU/TimesNewRoman(0)/m/it/12 (CONSCIOUSNESS BRANCH I: CULTURE
 AND FOLK INSTITUTIONS)
 []

[94]
Overfull \hbox (95.69914pt too wide) has occurred while \output is active
\TU/TimesNewRoman(0)/m/it/12 7.2.  \TU/SongtiSC(0)/m/it/12 道 德：|  高 频 行 为 的 短 编
 码 压 缩 \TU/TimesNewRoman(0)/m/it/12 (MORALITY: SHORT-ENCODING OF HIGH-FREQUENCY
 BEHAVIORS) \TU/TimesNewRoman(0)/m/n/12 95
 []

[95]
Overfull \hbox (127.44421pt too wide) has occurred while \output is active
\TU/TimesNewRoman(0)/m/n/12 96 \TU/TimesNewRoman(0)/m/it/12 CHAPTER 7.  \TU/Son
gtiSC(0)/m/it/12 意 识 分 支 \TU/TimesNewRoman(0)/m/it/12 I\TU/SongtiSC(0)/m/it/12 
：|  文 化 与 民 间 制 度 \TU/TimesNewRoman(0)/m/it/12 (CONSCIOUSNESS BRANCH I: CULTURE
 AND FOLK INSTITUTIONS)
 []

[96]
Overfull \hbox (24.10011pt too wide) has occurred while \output is active
\TU/TimesNewRoman(0)/m/it/12 7.3.  \TU/SongtiSC(0)/m/it/12 模 因 传 播：|  不 问 对 错，|
  只 问 强 度 \TU/TimesNewRoman(0)/m/it/12 (MEMETIC TRANSMISSION: STRENGTH OVER TRU
TH) \TU/TimesNewRoman(0)/m/n/12 97
 []

[97]
Underfull \vbox (badness 3690) has occurred while \output is active []


Overfull \hbox (127.44421pt too wide) has occurred while \output is active
\TU/TimesNewRoman(0)/m/n/12 98 \TU/TimesNewRoman(0)/m/it/12 CHAPTER 7.  \TU/Son
gtiSC(0)/m/it/12 意 识 分 支 \TU/TimesNewRoman(0)/m/it/12 I\TU/SongtiSC(0)/m/it/12 
：|  文 化 与 民 间 制 度 \TU/TimesNewRoman(0)/m/it/12 (CONSCIOUSNESS BRANCH I: CULTURE
 AND FOLK INSTITUTIONS)
 []

[98]
Overfull \hbox (152.38658pt too wide) has occurred while \output is active
\TU/TimesNewRoman(0)/m/it/12 7.4.  \TU/SongtiSC(0)/m/it/12 文 化 的 权 力 维 度：|  模 因
 如 何 塑 造 身 份 \TU/TimesNewRoman(0)/m/it/12 (THE POWER DIMENSION OF CULTURE: HOW 
MEMES SHAPE IDENTITY) \TU/TimesNewRoman(0)/m/n/12 99
 []

[99]
Overfull \hbox (133.44421pt too wide) has occurred while \output is active
\TU/TimesNewRoman(0)/m/n/12 100 \TU/TimesNewRoman(0)/m/it/12 CHAPTER 7.  \TU/So
ngtiSC(0)/m/it/12 意 识 分 支 \TU/TimesNewRoman(0)/m/it/12 I\TU/SongtiSC(0)/m/it/12
 ：|  文 化 与 民 间 制 度 \TU/TimesNewRoman(0)/m/it/12 (CONSCIOUSNESS BRANCH I: CULTUR
E AND FOLK INSTITUTIONS)
 []

[100]
Overfull \hbox (158.38658pt too wide) has occurred while \output is active
\TU/TimesNewRoman(0)/m/it/12 7.4.  \TU/SongtiSC(0)/m/it/12 文 化 的 权 力 维 度：|  模 因
 如 何 塑 造 身 份 \TU/TimesNewRoman(0)/m/it/12 (THE POWER DIMENSION OF CULTURE: HOW 
MEMES SHAPE IDENTITY) \TU/TimesNewRoman(0)/m/n/12 101
 []

[101]
Overfull \hbox (133.44421pt too wide) has occurred while \output is active
\TU/TimesNewRoman(0)/m/n/12 102 \TU/TimesNewRoman(0)/m/it/12 CHAPTER 7.  \TU/So
ngtiSC(0)/m/it/12 意 识 分 支 \TU/TimesNewRoman(0)/m/it/12 I\TU/SongtiSC(0)/m/it/12
 ：|  文 化 与 民 间 制 度 \TU/TimesNewRoman(0)/m/it/12 (CONSCIOUSNESS BRANCH I: CULTUR
E AND FOLK INSTITUTIONS)
 []

[102]
Underfull \vbox (badness 1571) has occurred while \output is active []


Overfull \hbox (158.38658pt too wide) has occurred while \output is active
\TU/TimesNewRoman(0)/m/it/12 7.4.  \TU/SongtiSC(0)/m/it/12 文 化 的 权 力 维 度：|  模 因
 如 何 塑 造 身 份 \TU/TimesNewRoman(0)/m/it/12 (THE POWER DIMENSION OF CULTURE: HOW 
MEMES SHAPE IDENTITY) \TU/TimesNewRoman(0)/m/n/12 103
 []

[103]
Overfull \hbox (133.44421pt too wide) has occurred while \output is active
\TU/TimesNewRoman(0)/m/n/12 104 \TU/TimesNewRoman(0)/m/it/12 CHAPTER 7.  \TU/So
ngtiSC(0)/m/it/12 意 识 分 支 \TU/TimesNewRoman(0)/m/it/12 I\TU/SongtiSC(0)/m/it/12
 ：|  文 化 与 民 间 制 度 \TU/TimesNewRoman(0)/m/it/12 (CONSCIOUSNESS BRANCH I: CULTUR
E AND FOLK INSTITUTIONS)
 []

[104]
Overfull \hbox (158.38658pt too wide) has occurred while \output is active
\TU/TimesNewRoman(0)/m/it/12 7.4.  \TU/SongtiSC(0)/m/it/12 文 化 的 权 力 维 度：|  模 因
 如 何 塑 造 身 份 \TU/TimesNewRoman(0)/m/it/12 (THE POWER DIMENSION OF CULTURE: HOW 
MEMES SHAPE IDENTITY) \TU/TimesNewRoman(0)/m/n/12 105
 []

[105]
Overfull \hbox (133.44421pt too wide) has occurred while \output is active
\TU/TimesNewRoman(0)/m/n/12 106 \TU/TimesNewRoman(0)/m/it/12 CHAPTER 7.  \TU/So
ngtiSC(0)/m/it/12 意 识 分 支 \TU/TimesNewRoman(0)/m/it/12 I\TU/SongtiSC(0)/m/it/12
 ：|  文 化 与 民 间 制 度 \TU/TimesNewRoman(0)/m/it/12 (CONSCIOUSNESS BRANCH I: CULTUR
E AND FOLK INSTITUTIONS)
 []

[106]
Overfull \hbox (158.38658pt too wide) has occurred while \output is active
\TU/TimesNewRoman(0)/m/it/12 7.4.  \TU/SongtiSC(0)/m/it/12 文 化 的 权 力 维 度：|  模 因
 如 何 塑 造 身 份 \TU/TimesNewRoman(0)/m/it/12 (THE POWER DIMENSION OF CULTURE: HOW 
MEMES SHAPE IDENTITY) \TU/TimesNewRoman(0)/m/n/12 107
 []

[107]
Overfull \hbox (133.44421pt too wide) has occurred while \output is active
\TU/TimesNewRoman(0)/m/n/12 108 \TU/TimesNewRoman(0)/m/it/12 CHAPTER 7.  \TU/So
ngtiSC(0)/m/it/12 意 识 分 支 \TU/TimesNewRoman(0)/m/it/12 I\TU/SongtiSC(0)/m/it/12
 ：|  文 化 与 民 间 制 度 \TU/TimesNewRoman(0)/m/it/12 (CONSCIOUSNESS BRANCH I: CULTUR
E AND FOLK INSTITUTIONS)
 []

[108]
Underfull \vbox (badness 10000) has occurred while \output is active []


Overfull \hbox (158.38658pt too wide) has occurred while \output is active
\TU/TimesNewRoman(0)/m/it/12 7.4.  \TU/SongtiSC(0)/m/it/12 文 化 的 权 力 维 度：|  模 因
 如 何 塑 造 身 份 \TU/TimesNewRoman(0)/m/it/12 (THE POWER DIMENSION OF CULTURE: HOW 
MEMES SHAPE IDENTITY) \TU/TimesNewRoman(0)/m/n/12 109
 []

[109]
Overfull \hbox (132.9989pt too wide) has occurred while \output is active
\TU/TimesNewRoman(0)/m/n/12 110 \TU/TimesNewRoman(0)/m/it/12 CHAPTER 7.  \TU/So
ngtiSC(0)/m/it/12 意 识 分 支 \TU/TimesNewRoman(0)/m/it/12 I\TU/SongtiSC(0)/m/it/12
 ：|  文 化 与 民 间 制 度 \TU/TimesNewRoman(0)/m/it/12 (CONSCIOUSNESS BRANCH I: CULTUR
E AND FOLK INSTITUTIONS)
 []

[110]
Overfull \hbox (157.49596pt too wide) has occurred while \output is active
\TU/TimesNewRoman(0)/m/it/12 7.4.  \TU/SongtiSC(0)/m/it/12 文 化 的 权 力 维 度：|  模 因
 如 何 塑 造 身 份 \TU/TimesNewRoman(0)/m/it/12 (THE POWER DIMENSION OF CULTURE: HOW 
MEMES SHAPE IDENTITY) \TU/TimesNewRoman(0)/m/n/12 111
 []

[111]
Overfull \hbox (5.28497pt too wide) in paragraph at lines 797--797
[]\TU/SongtiSC(0)/b/n/17.28 文 化 的 边 界：|  当 模 因 不 够 用 \TU/TimesNewRoman(0)/b/n/1
7.28 (The Limits of Culture: When
 []


Underfull \vbox (badness 10000) has occurred while \output is active []


Overfull \hbox (132.9989pt too wide) has occurred while \output is active
\TU/TimesNewRoman(0)/m/n/12 112 \TU/TimesNewRoman(0)/m/it/12 CHAPTER 7.  \TU/So
ngtiSC(0)/m/it/12 意 识 分 支 \TU/TimesNewRoman(0)/m/it/12 I\TU/SongtiSC(0)/m/it/12
 ：|  文 化 与 民 间 制 度 \TU/TimesNewRoman(0)/m/it/12 (CONSCIOUSNESS BRANCH I: CULTUR
E AND FOLK INSTITUTIONS)
 []

[112]
Overfull \hbox (55.29674pt too wide) has occurred while \output is active
\TU/TimesNewRoman(0)/m/it/12 7.5.  \TU/SongtiSC(0)/m/it/12 文 化 的 边 界：|  当 模 因 不
 够 用 \TU/TimesNewRoman(0)/m/it/12 (THE LIMITS OF CULTURE: WHEN MEMES ARE NOT EN
OUGH) \TU/TimesNewRoman(0)/m/n/12 113
 []

[113]
Overfull \hbox (132.9989pt too wide) has occurred while \output is active
\TU/TimesNewRoman(0)/m/n/12 114 \TU/TimesNewRoman(0)/m/it/12 CHAPTER 7.  \TU/So
ngtiSC(0)/m/it/12 意 识 分 支 \TU/TimesNewRoman(0)/m/it/12 I\TU/SongtiSC(0)/m/it/12
 ：|  文 化 与 民 间 制 度 \TU/TimesNewRoman(0)/m/it/12 (CONSCIOUSNESS BRANCH I: CULTUR
E AND FOLK INSTITUTIONS)
 []

[114]
Overfull \hbox (55.29674pt too wide) has occurred while \output is active
\TU/TimesNewRoman(0)/m/it/12 7.5.  \TU/SongtiSC(0)/m/it/12 文 化 的 边 界：|  当 模 因 不
 够 用 \TU/TimesNewRoman(0)/m/it/12 (THE LIMITS OF CULTURE: WHEN MEMES ARE NOT EN
OUGH) \TU/TimesNewRoman(0)/m/n/12 115
 []

[115]
Overfull \hbox (132.9989pt too wide) has occurred while \output is active
\TU/TimesNewRoman(0)/m/n/12 116 \TU/TimesNewRoman(0)/m/it/12 CHAPTER 7.  \TU/So
ngtiSC(0)/m/it/12 意 识 分 支 \TU/TimesNewRoman(0)/m/it/12 I\TU/SongtiSC(0)/m/it/12
 ：|  文 化 与 民 间 制 度 \TU/TimesNewRoman(0)/m/it/12 (CONSCIOUSNESS BRANCH I: CULTUR
E AND FOLK INSTITUTIONS)
 []

[116]
Overfull \hbox (55.29674pt too wide) has occurred while \output is active
\TU/TimesNewRoman(0)/m/it/12 7.5.  \TU/SongtiSC(0)/m/it/12 文 化 的 边 界：|  当 模 因 不
 够 用 \TU/TimesNewRoman(0)/m/it/12 (THE LIMITS OF CULTURE: WHEN MEMES ARE NOT EN
OUGH) \TU/TimesNewRoman(0)/m/n/12 117
 []

[117]
Overfull \hbox (132.9989pt too wide) has occurred while \output is active
\TU/TimesNewRoman(0)/m/n/12 118 \TU/TimesNewRoman(0)/m/it/12 CHAPTER 7.  \TU/So
ngtiSC(0)/m/it/12 意 识 分 支 \TU/TimesNewRoman(0)/m/it/12 I\TU/SongtiSC(0)/m/it/12
 ：|  文 化 与 民 间 制 度 \TU/TimesNewRoman(0)/m/it/12 (CONSCIOUSNESS BRANCH I: CULTUR
E AND FOLK INSTITUTIONS)
 []

[118]
Overfull \hbox (55.29674pt too wide) has occurred while \output is active
\TU/TimesNewRoman(0)/m/it/12 7.5.  \TU/SongtiSC(0)/m/it/12 文 化 的 边 界：|  当 模 因 不
 够 用 \TU/TimesNewRoman(0)/m/it/12 (THE LIMITS OF CULTURE: WHEN MEMES ARE NOT EN
OUGH) \TU/TimesNewRoman(0)/m/n/12 119
 []

[119]
Overfull \hbox (133.44421pt too wide) has occurred while \output is active
\TU/TimesNewRoman(0)/m/n/12 120 \TU/TimesNewRoman(0)/m/it/12 CHAPTER 7.  \TU/So
ngtiSC(0)/m/it/12 意 识 分 支 \TU/TimesNewRoman(0)/m/it/12 I\TU/SongtiSC(0)/m/it/12
 ：|  文 化 与 民 间 制 度 \TU/TimesNewRoman(0)/m/it/12 (CONSCIOUSNESS BRANCH I: CULTUR
E AND FOLK INSTITUTIONS)
 []

[120]
Overfull \hbox (10.15231pt too wide) in paragraph at lines 1039--1039
[]\TU/SongtiSC(0)/b/it/14.4 当 文 化 模 因 遇 到 权 力 结 构 \TU/TimesNewRoman(0)/b/n/14.4
 (When Cultural Memes Meet Power Struc-
 []


Overfull \hbox (55.74205pt too wide) has occurred while \output is active
\TU/TimesNewRoman(0)/m/it/12 7.5.  \TU/SongtiSC(0)/m/it/12 文 化 的 边 界：|  当 模 因 不
 够 用 \TU/TimesNewRoman(0)/m/it/12 (THE LIMITS OF CULTURE: WHEN MEMES ARE NOT EN
OUGH) \TU/TimesNewRoman(0)/m/n/12 121
 []

[121]
Overfull \hbox (133.44421pt too wide) has occurred while \output is active
\TU/TimesNewRoman(0)/m/n/12 122 \TU/TimesNewRoman(0)/m/it/12 CHAPTER 7.  \TU/So
ngtiSC(0)/m/it/12 意 识 分 支 \TU/TimesNewRoman(0)/m/it/12 I\TU/SongtiSC(0)/m/it/12
 ：|  文 化 与 民 间 制 度 \TU/TimesNewRoman(0)/m/it/12 (CONSCIOUSNESS BRANCH I: CULTUR
E AND FOLK INSTITUTIONS)
 []

[122]
Overfull \hbox (1.28198pt too wide) in paragraph at lines 1119--1119
[]\TU/SongtiSC(0)/b/it/14.4 章 尾：|  从 文 化 模 因 到 经 济 退 化 \TU/TimesNewRoman(0)/b/n
/14.4 (Chapter End: From Cultural Memes
 []


Overfull \hbox (55.74205pt too wide) has occurred while \output is active
\TU/TimesNewRoman(0)/m/it/12 7.5.  \TU/SongtiSC(0)/m/it/12 文 化 的 边 界：|  当 模 因 不
 够 用 \TU/TimesNewRoman(0)/m/it/12 (THE LIMITS OF CULTURE: WHEN MEMES ARE NOT EN
OUGH) \TU/TimesNewRoman(0)/m/n/12 123
 []

[123]
Overfull \hbox (133.44421pt too wide) has occurred while \output is active
\TU/TimesNewRoman(0)/m/n/12 124 \TU/TimesNewRoman(0)/m/it/12 CHAPTER 7.  \TU/So
ngtiSC(0)/m/it/12 意 识 分 支 \TU/TimesNewRoman(0)/m/it/12 I\TU/SongtiSC(0)/m/it/12
 ：|  文 化 与 民 间 制 度 \TU/TimesNewRoman(0)/m/it/12 (CONSCIOUSNESS BRANCH I: CULTUR
E AND FOLK INSTITUTIONS)
 []

[124]
Overfull \hbox (55.74205pt too wide) has occurred while \output is active
\TU/TimesNewRoman(0)/m/it/12 7.5.  \TU/SongtiSC(0)/m/it/12 文 化 的 边 界：|  当 模 因 不
 够 用 \TU/TimesNewRoman(0)/m/it/12 (THE LIMITS OF CULTURE: WHEN MEMES ARE NOT EN
OUGH) \TU/TimesNewRoman(0)/m/n/12 125
 []

[125]) (part3_systematic_expansion/chapter3_politics_power_structure
Overfull \hbox (133.44421pt too wide) has occurred while \output is active
\TU/TimesNewRoman(0)/m/n/12 126 \TU/TimesNewRoman(0)/m/it/12 CHAPTER 7.  \TU/So
ngtiSC(0)/m/it/12 意 识 分 支 \TU/TimesNewRoman(0)/m/it/12 I\TU/SongtiSC(0)/m/it/12
 ：|  文 化 与 民 间 制 度 \TU/TimesNewRoman(0)/m/it/12 (CONSCIOUSNESS BRANCH I: CULTUR
E AND FOLK INSTITUTIONS)
 []

[126]
Chapter 8.

Underfull \vbox (badness 10000) has occurred while \output is active []

 [127

]
[128]
Overfull \hbox (265.96567pt too wide) has occurred while \output is active
\TU/TimesNewRoman(0)/m/it/12 8.1.  \TU/SongtiSC(0)/m/it/12 权 力 的 本 质：|  交 换 网 络
 中 的 依 赖 与 认 同 \TU/TimesNewRoman(0)/m/it/12 (THE ESSENCE OF POWER: DEPENDENCE A
ND RECOGNITION IN EXCHANGE NETWORKS) \TU/TimesNewRoman(0)/m/n/12 129
 []

[129] [130]
Missing character: There is no ① (U+2460) in font Times New Roman/OT:script=lat
n;language=dflt;mapping=tex-text;!
Missing character: There is no ② (U+2461) in font Times New Roman/OT:script=lat
n;language=dflt;mapping=tex-text;!
Missing character: There is no ③ (U+2462) in font Times New Roman/OT:script=lat
n;language=dflt;mapping=tex-text;!

Overfull \hbox (133.12393pt too wide) has occurred while \output is active
\TU/TimesNewRoman(0)/m/it/12 8.2.  \TU/SongtiSC(0)/m/it/12 组 织 的 抽 象：|  从 个 人 魅
 力 到 机 构 权 威 \TU/TimesNewRoman(0)/m/it/12 (INSTITUTIONAL ABSTRACTION: FROM CHAR
ISMA TO AUTHORITY) \TU/TimesNewRoman(0)/m/n/12 131
 []

[131] [132]
Overfull \hbox (68.64929pt too wide) has occurred while \output is active
\TU/TimesNewRoman(0)/m/it/12 8.3.  \TU/SongtiSC(0)/m/it/12 博 弈 与 制 衡：|  权 力 系 统
 的 动 力 学 \TU/TimesNewRoman(0)/m/it/12 (GAME AND CHECKS: THE DYNAMICS OF POWER S
YSTEMS) \TU/TimesNewRoman(0)/m/n/12 133
 []

[133] [134]
Missing character: There is no ① (U+2460) in font Times New Roman/OT:script=lat
n;language=dflt;mapping=tex-text;!
Missing character: There is no ② (U+2461) in font Times New Roman/OT:script=lat
n;language=dflt;mapping=tex-text;!
Missing character: There is no ③ (U+2462) in font Times New Roman/OT:script=lat
n;language=dflt;mapping=tex-text;!
) (part3_systematic_expansion/chapter4_law_institutional_form
Overfull \hbox (68.64929pt too wide) has occurred while \output is active
\TU/TimesNewRoman(0)/m/it/12 8.3.  \TU/SongtiSC(0)/m/it/12 博 弈 与 制 衡：|  权 力 系 统
 的 动 力 学 \TU/TimesNewRoman(0)/m/it/12 (GAME AND CHECKS: THE DYNAMICS OF POWER S
YSTEMS) \TU/TimesNewRoman(0)/m/n/12 135
 []

[135]
Chapter 9.

Overfull \hbox (20.82587pt too wide) in paragraph at lines 19--19
[]\TU/SongtiSC(0)/b/n/17.28 法 律 的 变 长 编 码 属 性 \TU/TimesNewRoman(0)/b/n/17.28 (T
he Variable-Length Encoding Prop-
 []

[136

]
Overfull \hbox (282.11314pt too wide) has occurred while \output is active
\TU/TimesNewRoman(0)/m/it/12 9.2.  \TU/SongtiSC(0)/m/it/12 责 任 的 归 因：|  基 于 条 件
 概 率 的 定 责 逻 辑 \TU/TimesNewRoman(0)/m/it/12 (ATTRIBUTION OF RESPONSIBILITY: CAU
SAL LOGIC BASED ON CONDITIONAL PROBABILITY) \TU/TimesNewRoman(0)/m/n/12 137
 []

[137] [138]
Overfull \hbox (282.11314pt too wide) has occurred while \output is active
\TU/TimesNewRoman(0)/m/it/12 9.2.  \TU/SongtiSC(0)/m/it/12 责 任 的 归 因：|  基 于 条 件
 概 率 的 定 责 逻 辑 \TU/TimesNewRoman(0)/m/it/12 (ATTRIBUTION OF RESPONSIBILITY: CAU
SAL LOGIC BASED ON CONDITIONAL PROBABILITY) \TU/TimesNewRoman(0)/m/n/12 139
 []

[139]
Underfull \vbox (badness 1867) has occurred while \output is active []

 [140]
Overfull \hbox (282.11314pt too wide) has occurred while \output is active
\TU/TimesNewRoman(0)/m/it/12 9.2.  \TU/SongtiSC(0)/m/it/12 责 任 的 归 因：|  基 于 条 件
 概 率 的 定 责 逻 辑 \TU/TimesNewRoman(0)/m/it/12 (ATTRIBUTION OF RESPONSIBILITY: CAU
SAL LOGIC BASED ON CONDITIONAL PROBABILITY) \TU/TimesNewRoman(0)/m/n/12 141
 []

[141]
Underfull \vbox (badness 10000) has occurred while \output is active []

 [142]
Overfull \hbox (282.11314pt too wide) has occurred while \output is active
\TU/TimesNewRoman(0)/m/it/12 9.2.  \TU/SongtiSC(0)/m/it/12 责 任 的 归 因：|  基 于 条 件
 概 率 的 定 责 逻 辑 \TU/TimesNewRoman(0)/m/it/12 (ATTRIBUTION OF RESPONSIBILITY: CAU
SAL LOGIC BASED ON CONDITIONAL PROBABILITY) \TU/TimesNewRoman(0)/m/n/12 143
 []

[143]
Underfull \vbox (badness 10000) has occurred while \output is active []

 [144]
Missing character: There is no ⊃ (U+2283) in font Times New Roman Bold/OT:scrip
t=latn;language=dflt;mapping=tex-text;!
Missing character: There is no ⊃ (U+2283) in font Times New Roman Bold/OT:scrip
t=latn;language=dflt;mapping=tex-text;!

Overfull \hbox (362.64389pt too wide) has occurred while \output is active
\TU/TimesNewRoman(0)/m/it/12 9.3.  \TU/SongtiSC(0)/m/it/12 统 一 视 角：|  文 化、|  经 
济、|  政 治、|  法 律 的 嵌 套 关 系 \TU/TimesNewRoman(0)/m/it/12 (A UNIFIED PERSPECTIVE: 
THE NESTED RELATIONSHIP OF CULTURE, ECONOMY, POLITICS, AND LAW) \TU/TimesNewRom
an(0)/m/n/12 145
 []

[145] [146])
Overfull \hbox (362.64389pt too wide) has occurred while \output is active
\TU/TimesNewRoman(0)/m/it/12 9.3.  \TU/SongtiSC(0)/m/it/12 统 一 视 角：|  文 化、|  经 
济、|  政 治、|  法 律 的 嵌 套 关 系 \TU/TimesNewRoman(0)/m/it/12 (A UNIFIED PERSPECTIVE: 
THE NESTED RELATIONSHIP OF CULTURE, ECONOMY, POLITICS, AND LAW) \TU/TimesNewRom
an(0)/m/n/12 147
 []

[147] [148

] (conclusion/circular_closure
Chapter 10.

Underfull \vbox (badness 7777) has occurred while \output is active []

 [149

])
(appendix/appendix_V_math [150]
附录 A.

Package fontspec Warning: Font "Songti SC" does not contain requested Script
(fontspec)                "CJK".

Missing character: There is no 🧮 (U+1F9EE) in font Helvetica Bold/AAT:mapping=t
ex-text;!
[151

] (appendix/appendix/chapter1_existence_dynamics [152]
附录 B.
Missing character: There is no 🧮 (U+1F9EE) in font Helvetica Bold/AAT:mapping=t
ex-text;!
Missing character: There is no 🧮 (U+1F9EE) in font Helvetica Bold/AAT:mapping=t
ex-text;!
[153

]
Missing character: There is no 🧮 (U+1F9EE) in font Helvetica Bold/AAT:mapping=t
ex-text;!
) (appendix/appendix/chapter2_structure_info [154]
附录 C.

Overfull \hbox (117.51056pt too wide) in paragraph at lines 24--25
 [][] 
 []

Missing character: There is no 🧮 (U+1F9EE) in font Helvetica Bold/AAT:mapping=t
ex-text;!
Missing character: There is no 🧮 (U+1F9EE) in font Helvetica Bold/AAT:mapping=t
ex-text;!
[155

]) (appendix/appendix/chapter3_history_probability [156]
附录 D.
Missing character: There is no 🧮 (U+1F9EE) in font Helvetica Bold/AAT:mapping=t
ex-text;!
Missing character: There is no 🧮 (U+1F9EE) in font Helvetica Bold/AAT:mapping=t
ex-text;!
Missing character: There is no 🧮 (U+1F9EE) in font Helvetica Bold/AAT:mapping=t
ex-text;!
) (appendix/appendix/chapter4_selforg_dynamics [157

]
附录 E.
Missing character: There is no 🧮 (U+1F9EE) in font Helvetica Bold/AAT:mapping=t
ex-text;!
Missing character: There is no 🧮 (U+1F9EE) in font Helvetica Bold/AAT:mapping=t
ex-text;!
Missing character: There is no 🧮 (U+1F9EE) in font Helvetica Bold/AAT:mapping=t
ex-text;!
[158

]) (appendix/appendix/chapter5_checklist [159]
附录 F.
[160

])) [161] (backmatter/acknowledgements_gift) [162


] (main_gift.aux)

LaTeX Font Warning: Some font shapes were not available, defaults substituted.


LaTeX Warning: There were undefined references.

Package rerunfilecheck Info: File `main_gift.out' has not changed.
(rerunfilecheck)             Checksum: DB0DCC73F30738DF99C911FE3F5C0150;37291.
 )
Output written on main_gift.xdv (174 pages, 3242972 bytes).
