\BOOKMARK [0][-]{chapter*.1}{\376\377\122\115\212\000\377\010\221\315\147\204\162\110\377\011}{}% 1
\BOOKMARK [0][-]{chapter*.3}{\376\377\137\025\212\000}{}% 2
\BOOKMARK [1][-]{section.0.1}{\376\377\224\251\133\120\377\032\116\072\116\300\116\110\173\227\137\227\147\000\121\306\166\204\116\272\377\014\230\204\155\113\137\227\147\000\171\273\214\061}{chapter*.3}% 3
\BOOKMARK [1][-]{section.0.2}{\376\377\213\312\145\255\377\032\116\326\116\354\141\302\176\337\213\241\377\014\123\164\116\015\141\302\126\340\147\234}{chapter*.3}% 4
\BOOKMARK [1][-]{section.0.3}{\376\377\142\177\213\372\377\032\116\000\131\127\116\316\154\325\136\255\122\060\171\321\133\146\165\114\220\375\127\050\165\050\166\204\135\345\121\167}{chapter*.3}% 5
\BOOKMARK [1][-]{section.0.4}{\376\377\227\142\124\021\213\373\200\005\177\244\117\123}{chapter*.3}% 6
\BOOKMARK [1][-]{section.0.5}{\376\377\145\260\176\323\147\204\377\032\116\316\122\250\147\072\122\060\137\252\163\257}{chapter*.3}% 7
\BOOKMARK [1][-]{section.0.6}{\376\377\131\202\117\125\226\005\213\373\147\054\116\146}{chapter*.3}% 8
\BOOKMARK [2][-]{subsection.0.6.1}{\376\377\176\277\140\047\226\005\213\373\215\357\137\204}{section.0.6}% 9
\BOOKMARK [2][-]{subsection.0.6.2}{\376\377\215\363\215\303\226\005\213\373\215\357\137\204}{section.0.6}% 10
\BOOKMARK [2][-]{subsection.0.6.3}{\376\377\153\143\124\021\136\372\147\204\116\016\123\315\124\021\133\146\116\140}{section.0.6}% 11
\BOOKMARK [1][-]{section.0.7}{\376\377\150\300\232\214\150\007\121\306\377\032\116\000\123\345\213\335\172\313\213\272}{chapter*.3}% 12
\BOOKMARK [1][-]{section.0.8}{\376\377\172\340\202\202\230\204\124\112}{chapter*.3}% 13
\BOOKMARK [-1][-]{part.1}{\376\377\000I\000\040\122\250\147\072\116\016\166\356\150\007\377\032\116\316\210\114\116\072\123\315\143\250\122\060\141\017\124\021\000\040\000\050\000M\000o\000t\000i\000v\000a\000t\000i\000o\000n\000\040\000a\000n\000d\000\040\000G\000o\000a\000l\000\051}{}% 14
\BOOKMARK [0][-]{chapter.1}{\376\377\122\250\147\072\377\032\211\343\221\312\166\204\147\000\134\017\215\167\160\271}{part.1}% 15
\BOOKMARK [1][-]{section.1.1}{\376\377\116\000\116\052\147\000\134\017\166\204\211\343\221\312\123\125\121\103}{chapter.1}% 16
\BOOKMARK [1][-]{section.1.2}{\376\377\122\250\147\072\116\072\116\300\116\110\121\110\116\216\176\323\147\204}{chapter.1}% 17
\BOOKMARK [1][-]{section.1.3}{\376\377\122\250\147\072\116\015\121\263\133\232\176\323\147\234}{chapter.1}% 18
\BOOKMARK [1][-]{section.1.4}{\376\377\147\054\172\340\134\017\176\323\377\032\166\356\150\007\137\305\230\173\121\110\210\253\211\304\133\232}{chapter.1}% 19
\BOOKMARK [0][-]{chapter.2}{\376\377\166\356\150\007\377\032\142\212\141\017\124\021\121\231\142\020\123\357\153\324\217\203\166\204\221\317}{part.1}% 20
\BOOKMARK [1][-]{section.2.1}{\376\377\166\356\150\007\116\015\146\057\124\015\213\315\377\014\146\057\143\222\136\217}{chapter.2}% 21
\BOOKMARK [1][-]{section.2.2}{\376\377\123\357\220\032\176\246\140\047\226\276\230\230}{chapter.2}% 22
\BOOKMARK [1][-]{section.2.3}{\376\377\166\356\150\007\121\375\145\160\166\204\137\142\137\017\123\026}{chapter.2}% 23
\BOOKMARK [1][-]{section.2.4}{\376\377\166\356\150\007\121\375\145\160\131\202\117\125\123\315\143\250\377\032\146\076\171\072\140\047\120\117\131\175}{chapter.2}% 24
\BOOKMARK [1][-]{section.2.5}{\376\377\147\054\172\340\134\017\176\323\377\032\116\244\176\331\151\202\163\207}{chapter.2}% 25
\BOOKMARK [-1][-]{part.2}{\376\377\000I\000I\000\040\230\204\155\113\116\016\126\340\147\234\377\032\214\001\146\057\167\037\153\143\166\204\143\250\142\113\000\040\000\050\000P\000r\000e\000d\000i\000c\000t\000i\000o\000n\000\040\000a\000n\000d\000\040\000C\000a\000u\000s\000a\000l\000i\000t\000y\000\051}{}% 26
\BOOKMARK [0][-]{chapter.3}{\376\377\230\204\155\113\166\204\145\160\133\146\137\142\137\017\377\032\116\316\176\323\147\234\123\315\143\250\147\141\116\366}{part.2}% 27
\BOOKMARK [1][-]{section.3.1}{\376\377\230\204\155\113\000\040\000=\000\040\147\141\116\366\151\202\163\207\377\014\116\015\146\057\230\204\212\000}{chapter.3}% 28
\BOOKMARK [1][-]{section.3.2}{\376\377\126\340\147\234\145\271\124\021\166\204\220\011\142\351}{chapter.3}% 29
\BOOKMARK [1][-]{section.3.3}{\376\377\224\376\147\141\166\204\116\130\171\357\122\006\211\343}{chapter.3}% 30
\BOOKMARK [1][-]{section.3.4}{\376\377\121\227\117\131\116\016\172\063\120\145\140\047}{chapter.3}% 31
\BOOKMARK [1][-]{section.3.5}{\376\377\147\054\172\340\134\017\176\323\116\016\210\124\143\245}{chapter.3}% 32
\BOOKMARK [0][-]{chapter.4}{\376\377\215\041\163\056\122\006\211\343\377\032\147\141\116\366\151\202\163\207\135\356}{part.2}% 33
\BOOKMARK [1][-]{section.4.1}{\376\377\116\316\060\014\147\011\000/\145\340\060\015\122\060\133\232\221\317}{chapter.4}% 34
\BOOKMARK [1][-]{section.4.2}{\376\377\123\357\136\162\230\204\140\047\000\040\000=\000\040\126\340\147\234\166\204\133\232\116\111}{chapter.4}% 35
\BOOKMARK [1][-]{section.4.3}{\376\377\131\032\126\340\116\000\147\234\166\204\122\006\221\115}{chapter.4}% 36
\BOOKMARK [1][-]{section.4.4}{\376\377\137\122\116\000\123\026\116\016\123\357\213\373\140\047}{chapter.4}% 37
\BOOKMARK [1][-]{section.4.5}{\376\377\147\054\172\340\134\017\176\323\116\016\210\124\143\245}{chapter.4}% 38
\BOOKMARK [-1][-]{part.3}{\376\377\000I\000I\000I\000\040\154\325\136\255\116\012\166\204\145\366\121\111\147\072\377\032\131\032\126\340\122\006\215\046\000\040\000\050\000T\000h\000e\000\040\000C\000o\000u\000r\000t\000r\000o\000o\000m\000\040\000T\000i\000m\000e\000\040\000M\000a\000c\000h\000i\000n\000e\000\051}{}% 39
\BOOKMARK [0][-]{chapter.5}{\376\377\154\325\136\255\116\012\166\204\145\366\121\111\147\072\377\032\137\123\126\340\147\234\137\305\230\173\176\331\121\372\116\000\116\052\145\160\133\127}{part.3}% 40
\BOOKMARK [1][-]{section.5.1}{\376\377\137\123\060\014\135\356\116\015\131\032\060\015\116\015\210\114\166\204\145\366\120\031}{chapter.5}% 41
\BOOKMARK [1][-]{section.5.2}{\376\377\142\212\215\043\116\373\142\306\142\020\123\357\153\324\217\203\166\204\221\317}{chapter.5}% 42
\BOOKMARK [1][-]{section.5.3}{\376\377\116\016\060\014\145\340\117\140\150\300\232\214\060\015\166\204\124\014\147\204}{chapter.5}% 43
\BOOKMARK [1][-]{section.5.4}{\376\377\147\054\172\340\134\017\176\323\116\016\210\124\143\245}{chapter.5}% 44
\BOOKMARK [-1][-]{part.4}{\376\377\000I\000V\000\040\171\076\117\032\166\204\126\333\131\047\237\177\217\156\000\040\000\050\000F\000o\000u\000r\000\040\000G\000e\000a\000r\000s\000\040\000o\000f\000\040\000S\000o\000c\000i\000e\000t\000y\000\051}{}% 45
\BOOKMARK [0][-]{chapter.6}{\376\377\220\032\220\123\165\037\142\020\126\150\377\032\147\011\123\213\116\016\145\340\123\213}{part.4}% 46
\BOOKMARK [1][-]{section.6.1}{\376\377\117\040\144\255\166\204\116\044\171\315\145\160\133\146\137\142\140\001}{chapter.6}% 47
\BOOKMARK [1][-]{section.6.2}{\376\377\133\210\140\122\140\047\117\134\116\072\122\006\174\173\122\044\143\156}{chapter.6}% 48
\BOOKMARK [1][-]{section.6.3}{\376\377\126\333\220\032\220\123\166\204\165\037\142\020\150\021}{chapter.6}% 49
\BOOKMARK [1][-]{section.6.4}{\376\377\147\054\172\340\134\017\176\323\116\016\210\124\143\245}{chapter.6}% 50
\BOOKMARK [0][-]{chapter.7}{\376\377\220\032\220\123\116\000\377\032\152\041\126\340\377\010\145\340\123\213\142\151\130\236\377\011}{part.4}% 51
\BOOKMARK [1][-]{section.7.1}{\376\377\152\041\126\340\166\204\133\232\116\111\116\016\122\044\143\156}{chapter.7}% 52
\BOOKMARK [1][-]{section.7.2}{\376\377\117\040\144\255\137\072\136\246\121\263\133\232\116\000\122\007}{chapter.7}% 53
\BOOKMARK [1][-]{section.7.3}{\376\377\213\355\212\000\117\134\116\072\123\213\177\051\134\102}{chapter.7}% 54
\BOOKMARK [1][-]{section.7.4}{\376\377\152\041\126\340\166\204\215\041\163\056\122\006\211\343}{chapter.7}% 55
\BOOKMARK [1][-]{section.7.5}{\376\377\147\054\172\340\134\017\176\323\116\016\210\124\143\245}{chapter.7}% 56
\BOOKMARK [0][-]{chapter.8}{\376\377\220\032\220\123\116\214\377\032\176\317\155\116\377\010\152\041\126\340\000\040\000+\000\040\172\000\177\072\176\246\147\137\377\011}{part.4}% 57
\BOOKMARK [1][-]{section.8.1}{\376\377\122\240\121\145\172\000\177\072\176\246\147\137}{chapter.8}% 58
\BOOKMARK [1][-]{section.8.2}{\376\377\172\000\177\072\122\060\117\233\145\271\377\014\120\117\131\175\122\060\227\000\154\102}{chapter.8}% 59
\BOOKMARK [1][-]{section.8.3}{\376\377\217\375\155\250\147\100\215\314\166\204\164\006\140\047\123\026}{chapter.8}% 60
\BOOKMARK [1][-]{section.8.4}{\376\377\176\317\155\116\166\204\215\041\163\056\122\006\211\343}{chapter.8}% 61
\BOOKMARK [1][-]{section.8.5}{\376\377\147\054\172\340\134\017\176\323\116\016\210\124\143\245}{chapter.8}% 62
\BOOKMARK [0][-]{chapter.9}{\376\377\220\032\220\123\116\011\377\032\145\077\154\273\377\010\176\317\155\116\000\040\000+\000\040\216\253\116\375\147\103\221\315\377\011}{part.4}% 63
\BOOKMARK [1][-]{section.9.1}{\376\377\116\316\173\111\116\367\122\060\116\015\173\111\116\367}{chapter.9}% 64
\BOOKMARK [1][-]{section.9.2}{\376\377\213\244\124\014\215\113\116\210\147\103\122\233}{chapter.9}% 65
\BOOKMARK [1][-]{section.9.3}{\376\377\147\103\122\233\166\204\152\041\126\340\123\026\377\032\122\066\136\246\123\026}{chapter.9}% 66
\BOOKMARK [1][-]{section.9.4}{\376\377\165\037\133\130\173\126\165\145\166\204\116\044\147\141\142\151\130\236\215\357\137\204}{chapter.9}% 67
\BOOKMARK [1][-]{section.9.5}{\376\377\147\054\172\340\134\017\176\323\116\016\210\124\143\245}{chapter.9}% 68
\BOOKMARK [0][-]{chapter.10}{\376\377\220\032\220\123\126\333\377\032\154\325\137\213\377\010\123\132\137\010\176\323\147\234\166\204\177\026\170\001\116\016\133\232\221\317\145\271\154\325\377\011}{part.4}% 69
\BOOKMARK [1][-]{section.10.1}{\376\377\154\325\137\213\146\057\123\330\225\177\177\026\170\001}{chapter.10}% 70
\BOOKMARK [1][-]{section.10.2}{\376\377\154\325\137\213\146\057\000\040\000P\000a\000r\000t\000\040\000I\000I\000I\000\040\166\204\163\260\133\236\136\224\165\050}{chapter.10}% 71
\BOOKMARK [1][-]{section.10.3}{\376\377\154\325\137\213\131\202\117\125\232\161\122\250\121\166\117\131\116\011\220\032\220\123}{chapter.10}% 72
\BOOKMARK [1][-]{section.10.4}{\376\377\126\333\220\032\220\123\166\204\135\114\131\127\121\163\174\373}{chapter.10}% 73
\BOOKMARK [1][-]{section.10.5}{\376\377\147\054\172\340\134\017\176\323\116\016\210\124\143\245}{chapter.10}% 74
\BOOKMARK [-1][-]{part.5}{\376\377\000V\000\040\126\336\122\060\137\252\163\257\377\032\230\204\155\113\131\202\117\125\145\071\123\330\230\204\155\113\000\040\000\050\000L\000o\000o\000p\000\040\000C\000l\000o\000s\000u\000r\000e\000\051}{}% 75
\BOOKMARK [0][-]{chapter.11}{\376\377\116\316\215\041\163\056\210\150\122\060\147\052\147\145\215\160\124\021}{part.5}% 76
\BOOKMARK [1][-]{section.11.1}{\376\377\215\041\163\056\210\150\146\057\116\000\116\375\162\266\140\001\123\213\177\051}{chapter.11}% 77
\BOOKMARK [1][-]{section.11.2}{\376\377\147\141\116\366\151\202\163\207\224\376\166\204\221\315\145\260\176\304\210\305}{chapter.11}% 78
\BOOKMARK [1][-]{section.11.3}{\376\377\116\000\116\052\121\167\117\123\135\345\117\134\217\307\166\204\117\213\133\120}{chapter.11}% 79
\BOOKMARK [1][-]{section.11.4}{\376\377\230\204\155\113\131\061\215\045\152\041\137\017\156\005\123\125}{chapter.11}% 80
\BOOKMARK [1][-]{section.11.5}{\376\377\147\054\172\340\134\017\176\323\116\016\210\124\143\245}{chapter.11}% 81
\BOOKMARK [0][-]{chapter.12}{\376\377\137\252\163\257\166\204\225\355\124\010\377\032\147\052\147\145\130\121\220\040\145\260\166\204\122\250\147\072}{part.5}% 82
\BOOKMARK [1][-]{section.12.1}{\376\377\201\352\143\007\116\016\230\204\147\037}{chapter.12}% 83
\BOOKMARK [1][-]{section.12.2}{\376\377\126\336\122\060\000\040\000P\000a\000r\000t\000\040\000I}{chapter.12}% 84
\BOOKMARK [1][-]{section.12.3}{\376\377\176\323\213\355\377\032\176\323\147\204\377\014\116\015\146\057\230\204\212\000}{chapter.12}% 85
\BOOKMARK [0][-]{appendix.A}{\376\377\145\160\133\146\226\104\137\125\377\010\000v\0002\377\011\377\032\147\141\116\366\151\202\163\207\060\001\215\041\163\056\122\006\211\343\116\016\116\244\116\222\230\171}{part.5}% 86
\BOOKMARK [1][-]{appendix.A.1}{\376\377\000A\000.\0000\000\040\117\177\165\050\213\364\146\016\116\016\135\345\172\013\130\360\146\016}{appendix.A}% 87
\BOOKMARK [1][-]{appendix.A.2}{\376\377\000A\000.\0001\000\040\213\260\123\367\116\016\126\340\147\234\145\271\124\021\130\360\146\016}{appendix.A}% 88
\BOOKMARK [1][-]{appendix.A.3}{\376\377\000A\000.\0002\000\040\147\141\116\366\151\202\163\207\224\376\166\204\116\130\171\357\122\006\211\343}{appendix.A}% 89
\BOOKMARK [1][-]{appendix.A.4}{\376\377\000A\000.\0003\000\040\215\041\163\056\122\006\211\343\377\032\147\141\116\366\151\202\163\207\135\356}{appendix.A}% 90
\BOOKMARK [1][-]{appendix.A.5}{\376\377\000A\000.\0004\000\040\131\032\126\340\116\000\147\234\377\032\116\244\116\222\230\171\166\204\146\076\137\017\131\004\164\006}{appendix.A}% 91
\BOOKMARK [1][-]{appendix.A.6}{\376\377\000A\000.\0005\000\040\116\016\153\143\145\207\166\204\143\245\123\343\060\001\147\052\211\206\166\326\225\356\230\230\116\016\124\175\230\230\143\007\124\021}{appendix.A}% 92
