\BOOKMARK [0][-]{chapter*.1}{\376\377\122\115\212\000}{}% 1
\BOOKMARK [0][-]{chapter*.3}{\376\377\137\025\212\000}{}% 2
\BOOKMARK [1][-]{section.0.1}{\376\377\121\231\117\134\122\250\147\072}{chapter*.3}% 3
\BOOKMARK [1][-]{section.0.2}{\376\377\227\142\124\021\213\373\200\005\177\244\117\123}{chapter*.3}% 4
\BOOKMARK [1][-]{section.0.3}{\376\377\176\323\147\204\213\276\213\241\140\035\215\357}{chapter*.3}% 5
\BOOKMARK [2][-]{subsection.0.3.1}{\376\377\000\040\122\250\147\072\156\005\146\160\377\014\220\073\217\221\125\057\116\000}{section.0.3}% 6
\BOOKMARK [2][-]{subsection.0.3.2}{\376\377\152\041\127\127\123\026\172\340\202\202\116\016\220\073\217\221\142\323\142\121}{section.0.3}% 7
\BOOKMARK [1][-]{section.0.4}{\376\377\131\202\117\125\226\005\213\373\147\054\116\146}{chapter*.3}% 8
\BOOKMARK [2][-]{subsection.0.4.1}{\376\377\176\277\140\047\226\005\213\373\215\357\137\204}{section.0.4}% 9
\BOOKMARK [2][-]{subsection.0.4.2}{\376\377\215\363\215\303\226\005\213\373\215\357\137\204}{section.0.4}% 10
\BOOKMARK [2][-]{subsection.0.4.3}{\376\377\153\143\124\021\136\372\147\204\116\016\123\315\124\021\133\146\116\140\377\032\116\044\171\315\176\277\140\047\220\115\123\206\145\271\137\017}{section.0.4}% 11
\BOOKMARK [2][-]{subsection.0.4.4}{\376\377\171\072\117\213\377\032\116\072\116\300\116\110\211\201\225\356\000"\116\072\116\300\116\110\000"}{section.0.4}% 12
\BOOKMARK [2][-]{subsection.0.4.5}{\376\377\172\340\202\202\230\204\124\112}{section.0.4}% 13
\BOOKMARK [-1][-]{part.1}{\376\377\000I\000\040\150\070\137\303\220\073\217\221\377\032\201\352\161\066\060\001\176\323\147\204\116\016\213\355\212\000\000\040\000\050\000T\000h\000e\000\040\000C\000o\000r\000e\000\040\000L\000o\000o\000p\000\051}{}% 14
\BOOKMARK [0][-]{chapter.1}{\376\377\133\130\127\050\142\026\200\005\153\301\160\155}{part.1}% 15
\BOOKMARK [1][-]{section.1.1}{\376\377\165\037\133\130\166\204\120\166\161\066\140\047\377\032\116\316\133\207\133\231\134\072\136\246\122\060\145\207\146\016\134\072\136\246}{chapter.1}% 16
\BOOKMARK [2][-]{subsection.1.1.1}{\376\377\133\130\127\050\146\057\134\017\151\202\163\207\116\213\116\366}{section.1.1}% 17
\BOOKMARK [2][-]{subsection.1.1.2}{\376\377\134\072\136\246\217\154\143\142\377\032\116\072\116\300\116\110\134\100\220\350\167\013\146\057\146\156\220\115\166\204\377\037}{section.1.1}% 18
\BOOKMARK [1][-]{section.1.2}{\376\377\116\272\133\130\123\237\164\006\377\032\211\302\133\337\200\005\166\204\137\305\161\066\140\047}{chapter.1}% 19
\BOOKMARK [2][-]{subsection.1.2.1}{\376\377\137\061\116\272\133\130\123\237\164\006\377\032\220\073\217\221\124\014\116\111\123\315\131\015}{section.1.2}% 20
\BOOKMARK [2][-]{subsection.1.2.2}{\376\377\137\072\116\272\133\130\123\237\164\006\377\032\133\203\172\166\172\337\153\324\137\061\116\272\133\130\137\072\127\050\124\352\221\314\377\037}{section.1.2}% 21
\BOOKMARK [2][-]{subsection.1.2.3}{\376\377\171\076\117\032\143\250\136\177\377\032\122\066\136\246\166\204\133\130\127\050\147\141\116\366}{section.1.2}% 22
\BOOKMARK [1][-]{section.1.3}{\376\377\116\055\140\047\220\011\142\351\123\237\164\006\377\032\136\170\133\130\200\005\116\015\146\057\147\000\117\030\200\005}{chapter.1}% 23
\BOOKMARK [2][-]{subsection.1.3.1}{\376\377\147\000\117\030\042\140\133\130\165\131\377\032\217\276\134\024\145\207\116\073\116\111\166\204\213\357\211\343}{section.1.3}% 24
\BOOKMARK [2][-]{subsection.1.3.2}{\376\377\157\002\123\330\116\016\116\055\140\047\123\330\137\002}{section.1.3}% 25
\BOOKMARK [2][-]{subsection.1.3.3}{\376\377\171\076\117\032\124\057\171\072\377\032\137\210\131\032\122\066\136\246\123\352\146\057\154\241\153\173}{section.1.3}% 26
\BOOKMARK [1][-]{section.1.4}{\376\377\147\054\172\340\134\017\176\323\116\016\210\124\143\245}{chapter.1}% 27
\BOOKMARK [2][-]{subsection.1.4.1}{\376\377\126\336\122\060\147\054\172\340\122\250\147\072\377\032\116\316\145\207\133\146\122\060\162\151\164\006}{section.1.4}% 28
\BOOKMARK [2][-]{subsection.1.4.2}{\376\377\210\124\143\245\122\060\173\054\0002\172\340\377\032\176\323\147\204\131\202\117\125\176\364\143\001\133\130\127\050\377\037}{section.1.4}% 29
\BOOKMARK [0][-]{chapter.2}{\376\377\176\323\147\204\116\016\145\110\163\207\377\032\165\037\133\130\166\204\162\151\164\006\133\146}{part.1}% 30
\BOOKMARK [1][-]{section.2.1}{\376\377\201\352\161\066\220\011\142\351\117\134\116\072\217\307\156\344\126\150}{chapter.2}% 31
\BOOKMARK [2][-]{subsection.2.1.1}{\376\377\116\015\146\057\220\011\142\351\147\000\117\030\377\014\200\014\146\057\155\330\154\160\116\015\123\357\210\114}{section.2.1}% 32
\BOOKMARK [2][-]{subsection.2.1.2}{\376\377\217\307\156\344\226\010\120\074\116\016\123\312\150\074\176\277\176\323\147\204}{section.2.1}% 33
\BOOKMARK [1][-]{section.2.2}{\376\377\176\323\147\204\116\072\116\300\116\110\117\032\116\247\165\037\145\110\163\207}{chapter.2}% 34
\BOOKMARK [2][-]{subsection.2.2.1}{\376\377\116\072\116\300\116\110\165\131\116\013\147\145\166\204\377\014\137\200\137\200\146\057\147\011\134\102\176\247\166\204\377\037}{section.2.2}% 35
\BOOKMARK [2][-]{subsection.2.2.2}{\376\377\145\110\163\207\116\015\146\057\210\253\217\375\154\102\166\204\166\356\150\007\377\014\200\014\146\057\122\157\116\247\162\151}{section.2.2}% 36
\BOOKMARK [2][-]{subsection.2.2.3}{\376\377\116\072\116\300\116\110\167\013\215\167\147\145\117\116\145\110\166\204\176\323\147\204\217\330\200\375\225\177\147\037\133\130\127\050\377\037}{section.2.2}% 37
\BOOKMARK [1][-]{section.2.3}{\376\377\145\110\163\207\166\204\116\343\116\367\377\032\176\323\147\204\120\365\123\026}{chapter.2}% 38
\BOOKMARK [2][-]{subsection.2.3.1}{\376\377\215\167\160\271\377\032\173\200\123\125\176\323\147\204\166\204\232\330\220\002\136\224\140\047}{section.2.3}% 39
\BOOKMARK [2][-]{subsection.2.3.2}{\376\377\142\151\137\040\377\032\211\304\152\041\217\353\117\177\131\015\147\102\123\026}{section.2.3}% 40
\BOOKMARK [2][-]{subsection.2.3.3}{\376\377\150\041\153\143\147\072\122\066\166\204\123\340\122\240\377\032\176\323\147\204\137\000\131\313\176\364\142\244\201\352\216\253}{section.2.3}% 41
\BOOKMARK [2][-]{subsection.2.3.4}{\376\377\176\323\147\204\120\365\123\026\377\032\116\000\116\052\133\232\116\111}{section.2.3}% 42
\BOOKMARK [2][-]{subsection.2.3.5}{\376\377\127\037\127\060\121\174\136\166\377\032\121\215\122\006\221\115\147\072\122\066\131\061\145\110\166\204\117\341\123\367}{section.2.3}% 43
\BOOKMARK [2][-]{subsection.2.3.6}{\376\377\123\206\123\362\124\150\147\037\137\213\377\032\176\323\147\204\166\204\156\005\173\227\147\072\122\066}{section.2.3}% 44
\BOOKMARK [2][-]{subsection.2.3.7}{\376\377\217\307\156\041\377\032\176\323\147\204\146\057\124\046\123\352\200\375\135\051\156\203\377\037}{section.2.3}% 45
\BOOKMARK [1][-]{section.2.4}{\376\377\165\037\124\175\116\072\117\125\131\202\153\144\131\015\147\102\377\037}{chapter.2}% 46
\BOOKMARK [2][-]{subsection.2.4.1}{\376\377\123\125\176\306\200\336\135\362\176\317\215\263\131\037\116\206\124\027\377\037}{section.2.4}% 47
\BOOKMARK [2][-]{subsection.2.4.2}{\376\377\122\006\135\345\377\032\131\015\147\102\123\026\166\204\232\161\122\250\122\233}{section.2.4}% 48
\BOOKMARK [2][-]{subsection.2.4.3}{\376\377\131\015\147\102\166\204\116\343\116\367}{section.2.4}% 49
\BOOKMARK [2][-]{subsection.2.4.4}{\376\377\165\037\162\151\166\204\176\323\147\204\137\071\140\047}{section.2.4}% 50
\BOOKMARK [2][-]{subsection.2.4.5}{\376\377\176\337\116\000\211\306\211\322\377\032\131\015\147\102\060\001\145\110\163\207\116\016\226\120\122\066}{section.2.4}% 51
\BOOKMARK [1][-]{section*.36}{\376\377\134\017\176\323\377\032\176\323\147\204\136\166\227\136\117\030\122\243\377\014\200\014\146\057\133\130\155\073\147\141\116\366}{chapter.2}% 52
\BOOKMARK [0][-]{chapter.3}{\376\377\213\355\212\000\377\032\116\000\171\315\217\173\221\317\176\247\176\323\147\204}{part.1}% 53
\BOOKMARK [1][-]{section.3.1}{\376\377\213\355\212\000\116\072\117\125\131\202\153\144\133\271\146\023\117\177\165\050\377\037}{chapter.3}% 54
\BOOKMARK [2][-]{subsection.3.1.1}{\376\377\117\116\225\350\151\333\166\204\131\015\147\102\176\323\147\204}{section.3.1}% 55
\BOOKMARK [1][-]{section.3.2}{\376\377\213\355\212\000\116\072\117\125\116\015\146\057\147\000\117\030\377\037}{chapter.3}% 56
\BOOKMARK [2][-]{subsection.3.2.1}{\376\377\142\021\116\354\116\140\140\357\116\206\133\203\377\014\123\164\137\210\134\021\215\050\165\221\133\203}{section.3.2}% 57
\BOOKMARK [1][-]{section.3.3}{\376\377\232\330\230\221\116\016\123\213\177\051\377\032\116\000\171\315\167\013\116\015\211\301\166\204\123\213\122\233}{chapter.3}% 58
\BOOKMARK [2][-]{subsection.3.3.1}{\376\377\116\316\116\000\116\052\145\345\136\070\225\356\230\230\137\000\131\313}{section.3.3}% 59
\BOOKMARK [2][-]{subsection.3.3.2}{\376\377\221\315\131\015\136\046\147\145\166\204\123\213\122\233}{section.3.3}% 60
\BOOKMARK [1][-]{section.3.4}{\376\377\217\331\146\057\124\046\123\352\146\057\135\347\124\010\377\037}{chapter.3}% 61
\BOOKMARK [2][-]{subsection.3.4.1}{\376\377\167\013\150\067\166\204\123\315\117\213}{section.3.4}% 62
\BOOKMARK [2][-]{subsection.3.4.2}{\376\377\215\213\122\277\116\015\146\057\167\254\225\364\166\204\200\152\146\016\377\014\200\014\146\057\210\253\165\131\116\013\166\204\217\150\217\371}{section.3.4}% 63
\BOOKMARK [1][-]{section.3.5}{\376\377\145\207\133\146\377\032\123\213\177\051\166\204\147\201\201\364\137\142\137\017\000\040\000\050\000L\000i\000t\000e\000r\000a\000t\000u\000r\000e\000:\000\040\000T\000h\000e\000\040\000U\000l\000t\000i\000m\000a\000t\000e\000\040\000F\000o\000r\000m\000\040\000o\000f\000\040\000C\000o\000m\000p\000r\000e\000s\000s\000i\000o\000n\000\051}{chapter.3}% 64
\BOOKMARK [2][-]{subsection.3.5.1}{\376\377\116\072\116\300\116\110\145\207\133\146\200\375\165\050\147\000\134\021\166\204\213\315\117\040\220\022\147\000\131\032\166\204\117\341\140\157\377\037\000\040\000\050\000W\000h\000y\000\040\000C\000a\000n\000\040\000L\000i\000t\000e\000r\000a\000t\000u\000r\000e\000\040\000C\000o\000n\000v\000e\000y\000\040\000t\000h\000e\000\040\000M\000o\000s\000t\000\040\000w\000i\000t\000h\000\040\000t\000h\000e\000\040\000F\000e\000w\000e\000s\000t\000\040\000W\000o\000r\000d\000s\000?\000\051}{section.3.5}% 65
\BOOKMARK [1][-]{section.3.6}{\376\377\116\316\213\355\212\000\122\060\201\352\161\066\000\040\000\050\000F\000r\000o\000m\000\040\000L\000a\000n\000g\000u\000a\000g\000e\000\040\000t\000o\000\040\000N\000a\000t\000u\000r\000e\000\051}{chapter.3}% 66
\BOOKMARK [2][-]{subsection.3.6.1}{\376\377\213\355\212\000\230\221\163\207\146\057\124\046\123\315\146\040\201\352\161\066\230\221\163\207\377\037\000\040\000\050\000D\000o\000e\000s\000\040\000L\000a\000n\000g\000u\000a\000g\000e\000\040\000F\000r\000e\000q\000u\000e\000n\000c\000y\000\040\000R\000e\000f\000l\000e\000c\000t\000\040\000N\000a\000t\000u\000r\000a\000l\000\040\000F\000r\000e\000q\000u\000e\000n\000c\000y\000?\000\051}{section.3.6}% 67
\BOOKMARK [1][-]{section.3.7}{\376\377\133\130\127\050\116\072\117\125\131\202\153\144\230\221\176\101\377\037\000\040\000\050\000W\000h\000y\000\040\000I\000s\000\040\000E\000x\000i\000s\000t\000e\000n\000c\000e\000\040\000S\000o\000\040\000F\000r\000e\000q\000u\000e\000n\000t\000?\000\051}{chapter.3}% 68
\BOOKMARK [2][-]{subsection.3.7.1}{\376\377\116\072\116\300\116\110\000"\143\001\176\355\133\130\127\050\000"\166\204\176\323\147\204\127\050\201\352\161\066\116\055\131\202\153\144\136\070\211\301\377\037\000\040\000\050\000W\000h\000y\000\040\000A\000r\000e\000\040\000"\000P\000e\000r\000s\000i\000s\000t\000e\000n\000t\000l\000y\000\040\000E\000x\000i\000s\000t\000i\000n\000g\000"\000\040\000S\000t\000r\000u\000c\000t\000u\000r\000e\000s\000\040\000S\000o\000\040\000C\000o\000m\000m\000o\000n\000\040\000i\000n\000\040\000N\000a\000t\000u\000r\000e\000?\000\051}{section.3.7}% 69
\BOOKMARK [-1][-]{part.2}{\376\377\000I\000I\000\040\122\035\131\313\217\223\121\145\377\032\127\060\164\006\116\016\123\206\123\362\166\204\137\305\161\066\140\047\000\040\000\050\000T\000h\000e\000\040\000G\000e\000o\000l\000o\000g\000i\000c\000s\000\051}{}% 70
\BOOKMARK [0][-]{chapter.4}{\376\377\125\057\162\151\123\362\211\302\166\204\127\372\167\363\377\032\127\060\164\006\121\263\133\232\213\272}{part.2}% 71
\BOOKMARK [1][-]{section.4.1}{\376\377\126\340\147\234\224\376\147\141\166\204\126\336\156\257\377\032\123\362\211\302\166\204\134\102\176\247}{chapter.4}% 72
\BOOKMARK [2][-]{subsection.4.1.1}{\376\377\123\315\232\163\145\207\123\026\121\263\133\232\213\272\377\032\145\207\123\026\146\057\147\234\116\015\146\057\126\340}{section.4.1}% 73
\BOOKMARK [2][-]{subsection.4.1.2}{\376\377\127\060\164\006\163\257\130\203\117\134\116\072\116\015\123\357\123\330\146\364\166\204\122\035\131\313\147\141\116\366}{section.4.1}% 74
\BOOKMARK [2][-]{subsection.4.1.3}{\376\377\126\340\147\234\224\376\147\141\166\204\126\336\156\257\145\271\154\325\377\032\131\202\117\125\213\306\122\053\217\223\121\145\123\330\221\317}{section.4.1}% 75
\BOOKMARK [2][-]{subsection.4.1.4}{\376\377\127\060\164\006\041\222\123\206\123\362\215\357\137\204\377\032\123\362\211\302\134\102\176\247\166\204\133\214\145\164\225\355\163\257}{section.4.1}% 76
\BOOKMARK [1][-]{section.4.2}{\376\377\150\110\117\213\122\006\147\220\377\032\116\034\211\177\145\271\131\047\122\006\155\101\166\204\127\060\164\006\150\071\156\220}{chapter.4}% 77
\BOOKMARK [2][-]{subsection.4.2.1}{\376\377\131\047\122\006\155\101\116\113\214\034\377\032\116\072\116\300\116\110\116\034\145\271\226\306\147\103\377\014\211\177\145\271\122\006\147\103\377\037}{section.4.2}% 78
\BOOKMARK [2][-]{subsection.4.2.2}{\376\377\116\034\145\271\150\110\117\213\377\032\236\304\154\263\155\101\127\337\166\204\154\273\154\064\116\016\226\306\147\103\213\336\165\037}{section.4.2}% 79
\BOOKMARK [2][-]{subsection.4.2.3}{\376\377\211\177\145\271\150\110\117\213\377\032\170\064\170\216\155\167\134\270\166\204\215\070\146\023\232\161\122\250\116\016\122\006\147\103\127\316\220\246}{section.4.2}% 80
\BOOKMARK [2][-]{subsection.4.2.4}{\376\377\147\072\122\066\133\371\153\324\377\032\127\060\164\006\041\222\165\037\116\247\041\222\122\066\136\246\166\204\126\340\147\234\224\376\147\141}{section.4.2}% 81
\BOOKMARK [2][-]{subsection.4.2.5}{\376\377\123\315\116\213\133\236\143\250\157\024\377\032\131\202\147\234\236\304\154\263\116\015\154\333\156\345}{section.4.2}% 82
\BOOKMARK [1][-]{section.4.3}{\376\377\147\054\172\340\134\017\176\323\116\016\210\124\143\245}{chapter.4}% 83
\BOOKMARK [2][-]{subsection.4.3.1}{\376\377\150\110\117\213\232\214\213\301\145\271\154\325\213\272\377\032\215\350\150\110\117\213\153\324\217\203\166\204\176\337\213\241\127\372\170\100}{section.4.3}% 84
\BOOKMARK [0][-]{chapter.5}{\376\377\165\037\133\130\173\126\165\145\166\204\122\006\123\026\377\032\131\047\116\000\176\337\116\016\170\216\162\107\123\026}{part.2}% 85
\BOOKMARK [1][-]{section.5.1}{\376\377\116\055\131\056\226\306\147\103\377\032\117\134\116\072\116\000\171\315\226\115\117\116\121\205\220\350\116\244\146\023\142\020\147\054\166\204\211\343\154\325}{chapter.5}% 86
\BOOKMARK [2][-]{subsection.5.1.1}{\376\377\116\072\116\300\116\110\226\306\116\055\121\263\173\126\200\375\226\115\117\116\116\244\146\023\142\020\147\054\377\037}{section.5.1}% 87
\BOOKMARK [1][-]{section.5.2}{\376\377\140\035\140\363\143\247\122\066\166\204\137\305\161\066\140\047\143\250\133\374}{chapter.5}% 88
\BOOKMARK [2][-]{subsection.5.2.1}{\376\377\116\316\176\337\116\000\214\003\136\246\122\060\176\337\116\000\140\035\140\363\377\032\116\072\116\300\116\110\000"\137\303\116\113\142\100\124\021\000"\116\137\146\057\215\104\156\220}{section.5.2}% 89
\BOOKMARK [2][-]{subsection.5.2.2}{\376\377\140\035\140\363\143\247\122\066\166\204\116\343\116\367\377\032\120\365\123\026\060\001\123\315\137\071\116\016\174\373\176\337\230\316\226\151}{section.5.2}% 90
\BOOKMARK [1][-]{section.5.3}{\376\377\120\107\213\276\123\315\213\301\377\032\131\202\147\234\116\015\146\057\127\060\164\006\163\257\130\203\377\037}{chapter.5}% 91
\BOOKMARK [2][-]{subsection.5.3.1}{\376\377\123\315\213\301\154\325\377\032\131\202\147\234\142\021\116\354\142\275\143\211\127\060\164\006\377\014\217\330\200\375\211\343\221\312\116\300\116\110\377\037}{section.5.3}% 92
\BOOKMARK [1][-]{section.5.4}{\376\377\147\054\172\340\134\017\176\323\116\016\210\124\143\245}{chapter.5}% 93
\BOOKMARK [2][-]{subsection.5.4.1}{\376\377\164\006\213\272\225\355\163\257\377\032\173\126\165\145\122\006\123\026\166\204\133\214\145\164\126\340\147\234\224\376}{section.5.4}% 94
\BOOKMARK [-1][-]{part.3}{\376\377\000I\000I\000I\000\040\174\373\176\337\134\125\137\000\377\032\176\317\155\116\060\001\145\207\123\026\116\016\145\077\154\273\000\040\000\050\000T\000h\000e\000\040\000S\000t\000r\000u\000c\000t\000u\000r\000e\000\051}{}% 95
\BOOKMARK [0][-]{chapter.6}{\376\377\162\151\215\050\122\006\145\057\377\032\176\317\155\116\127\372\170\100\000\040\000\050\000M\000a\000t\000e\000r\000i\000a\000l\000\040\000B\000r\000a\000n\000c\000h\000:\000\040\000E\000c\000o\000n\000o\000m\000i\000c\000\040\000F\000o\000u\000n\000d\000a\000t\000i\000o\000n\000s\000\051}{part.3}% 96
\BOOKMARK [1][-]{section.6.1}{\376\377\117\233\154\102\121\163\174\373\377\032\116\367\150\074\117\134\116\072\226\306\117\123\152\041\126\340\166\204\200\132\124\010\000\040\000\050\000S\000u\000p\000p\000l\000y\000\040\000a\000n\000d\000\040\000D\000e\000m\000a\000n\000d\000:\000\040\000P\000r\000i\000c\000e\000\040\000a\000s\000\040\000t\000h\000e\000\040\000A\000g\000g\000r\000e\000g\000a\000t\000i\000o\000n\000\040\000o\000f\000\040\000C\000o\000l\000l\000e\000c\000t\000i\000v\000e\000\040\000M\000e\000m\000e\000s\000\051}{chapter.6}% 97
\BOOKMARK [2][-]{subsection.6.1.1}{\376\377\116\073\211\302\116\367\120\074\131\202\117\125\127\115\177\051\116\072\116\367\150\074\000\040\000\050\000H\000o\000w\000\040\000S\000u\000b\000j\000e\000c\000t\000i\000v\000e\000\040\000V\000a\000l\000u\000e\000\040\000C\000o\000l\000l\000a\000p\000s\000e\000s\000\040\000i\000n\000t\000o\000\040\000P\000r\000i\000c\000e\000\051}{section.6.1}% 98
\BOOKMARK [2][-]{subsection.6.1.2}{\376\377\227\000\154\102\137\072\136\246\131\202\117\125\142\155\146\362\116\367\120\074\122\044\145\255\000\040\000\050\000H\000o\000w\000\040\000D\000e\000m\000a\000n\000d\000\040\000I\000n\000t\000e\000n\000s\000i\000t\000y\000\040\000D\000i\000s\000t\000o\000r\000t\000s\000\040\000V\000a\000l\000u\000e\000\040\000J\000u\000d\000g\000m\000e\000n\000t\000\051}{section.6.1}% 99
\BOOKMARK [2][-]{subsection.6.1.3}{\376\377\117\233\176\331\172\000\177\072\140\047\166\204\133\232\116\367\147\103\000\040\000\050\000S\000c\000a\000r\000c\000i\000t\000y\000\040\000a\000n\000d\000\040\000P\000r\000i\000c\000i\000n\000g\000\040\000P\000o\000w\000e\000r\000\051}{section.6.1}% 100
\BOOKMARK [2][-]{subsection.6.1.4}{\376\377\117\233\154\102\123\132\137\010\166\204\122\250\140\001\127\107\210\141\000\040\000\050\000D\000y\000n\000a\000m\000i\000c\000\040\000E\000q\000u\000i\000l\000i\000b\000r\000i\000u\000m\000\040\000o\000f\000\040\000S\000u\000p\000p\000l\000y\000-\000D\000e\000m\000a\000n\000d\000\040\000G\000a\000m\000e\000s\000\051}{section.6.1}% 101
\BOOKMARK [2][-]{subsection.6.1.5}{\376\377\116\316\117\233\154\102\122\060\117\341\140\157\377\032\116\367\150\074\166\204\134\100\226\120\140\047\000\040\000\050\000F\000r\000o\000m\000\040\000S\000u\000p\000p\000l\000y\000-\000D\000e\000m\000a\000n\000d\000\040\000t\000o\000\040\000I\000n\000f\000o\000r\000m\000a\000t\000i\000o\000n\000:\000\040\000L\000i\000m\000i\000t\000s\000\040\000o\000f\000\040\000P\000r\000i\000c\000e\000\051}{section.6.1}% 102
\BOOKMARK [0][-]{chapter.7}{\376\377\141\017\213\306\122\006\145\057\000\040\000I\377\032\145\207\123\026\116\016\154\021\225\364\122\066\136\246\000\040\000\050\000C\000o\000n\000s\000c\000i\000o\000u\000s\000n\000e\000s\000s\000\040\000B\000r\000a\000n\000c\000h\000\040\000I\000:\000\040\000C\000u\000l\000t\000u\000r\000e\000\040\000a\000n\000d\000\040\000F\000o\000l\000k\000\040\000I\000n\000s\000t\000i\000t\000u\000t\000i\000o\000n\000s\000\051}{part.3}% 103
\BOOKMARK [1][-]{section.7.1}{\376\377\145\207\123\026\117\134\116\072\152\041\126\340\174\373\176\337\377\032\116\316\213\355\212\000\122\060\220\011\142\351\000\040\000\050\000C\000u\000l\000t\000u\000r\000e\000\040\000a\000s\000\040\000a\000\040\000M\000e\000m\000e\000t\000i\000c\000\040\000S\000y\000s\000t\000e\000m\000:\000\040\000F\000r\000o\000m\000\040\000L\000a\000n\000g\000u\000a\000g\000e\000\040\000t\000o\000\040\000C\000h\000o\000i\000c\000e\000\051}{chapter.7}% 104
\BOOKMARK [2][-]{subsection.7.1.1}{\376\377\152\041\126\340\166\204\133\232\116\111\116\016\213\306\122\053\000\040\000\050\000D\000e\000f\000i\000n\000i\000n\000g\000\040\000a\000n\000d\000\040\000I\000d\000e\000n\000t\000i\000f\000y\000i\000n\000g\000\040\000M\000e\000m\000e\000s\000\051}{section.7.1}% 105
\BOOKMARK [2][-]{subsection.7.1.2}{\376\377\152\041\126\340\131\202\117\125\232\161\122\250\220\011\142\351\377\032\211\302\160\271\145\071\123\330\210\114\116\072\166\204\147\072\122\066\000\040\000\050\000H\000o\000w\000\040\000M\000e\000m\000e\000s\000\040\000D\000r\000i\000v\000e\000\040\000C\000h\000o\000i\000c\000e\000\051}{section.7.1}% 106
\BOOKMARK [2][-]{subsection.7.1.3}{\376\377\152\041\126\340\166\204\165\037\124\175\124\150\147\037\377\032\213\336\165\037\060\001\117\040\144\255\060\001\210\160\220\000\116\016\123\330\137\142\000\040\000\050\000L\000i\000f\000e\000c\000y\000c\000l\000e\000\040\000o\000f\000\040\000M\000e\000m\000e\000s\000\051}{section.7.1}% 107
\BOOKMARK [2][-]{subsection.7.1.4}{\376\377\152\041\126\340\166\204\176\304\124\010\116\016\145\207\123\026\122\033\145\260\377\032\145\347\121\103\175\040\166\204\145\260\143\222\122\027\000\040\000\050\000M\000e\000m\000e\000t\000i\000c\000\040\000C\000o\000m\000b\000i\000n\000a\000t\000i\000o\000n\000\040\000a\000n\000d\000\040\000I\000n\000n\000o\000v\000a\000t\000i\000o\000n\000\051}{section.7.1}% 108
\BOOKMARK [1][-]{section.7.2}{\376\377\220\123\137\267\377\032\232\330\230\221\210\114\116\072\166\204\167\355\177\026\170\001\123\213\177\051\000\040\000\050\000M\000o\000r\000a\000l\000i\000t\000y\000:\000\040\000S\000h\000o\000r\000t\000-\000E\000n\000c\000o\000d\000i\000n\000g\000\040\000o\000f\000\040\000H\000i\000g\000h\000-\000F\000r\000e\000q\000u\000e\000n\000c\000y\000\040\000B\000e\000h\000a\000v\000i\000o\000r\000s\000\051}{chapter.7}% 109
\BOOKMARK [2][-]{subsection.7.2.1}{\376\377\220\123\137\267\116\072\116\300\116\110\146\057\167\355\177\026\170\001\377\037\000\050\000W\000h\000y\000\040\000I\000s\000\040\000M\000o\000r\000a\000l\000i\000t\000y\000\040\000S\000h\000o\000r\000t\000-\000E\000n\000c\000o\000d\000e\000d\000?\000\051}{section.7.2}% 110
\BOOKMARK [1][-]{section.7.3}{\376\377\152\041\126\340\117\040\144\255\377\032\116\015\225\356\133\371\225\031\377\014\123\352\225\356\137\072\136\246\000\040\000\050\000M\000e\000m\000e\000t\000i\000c\000\040\000T\000r\000a\000n\000s\000m\000i\000s\000s\000i\000o\000n\000:\000\040\000S\000t\000r\000e\000n\000g\000t\000h\000\040\000O\000v\000e\000r\000\040\000T\000r\000u\000t\000h\000\051}{chapter.7}% 111
\BOOKMARK [2][-]{subsection.7.3.1}{\376\377\117\040\144\255\137\072\136\246\166\204\116\011\116\052\121\263\133\232\126\340\175\040\000\040\000\050\000T\000h\000r\000e\000e\000\040\000F\000a\000c\000t\000o\000r\000s\000\040\000T\000h\000a\000t\000\040\000D\000e\000t\000e\000r\000m\000i\000n\000e\000\040\000T\000r\000a\000n\000s\000m\000i\000s\000s\000i\000o\000n\000\040\000S\000t\000r\000e\000n\000g\000t\000h\000\051}{section.7.3}% 112
\BOOKMARK [1][-]{section.7.4}{\376\377\145\207\123\026\166\204\147\103\122\233\176\364\136\246\377\032\152\041\126\340\131\202\117\125\130\121\220\040\216\253\116\375\000\040\000\050\000T\000h\000e\000\040\000P\000o\000w\000e\000r\000\040\000D\000i\000m\000e\000n\000s\000i\000o\000n\000\040\000o\000f\000\040\000C\000u\000l\000t\000u\000r\000e\000:\000\040\000H\000o\000w\000\040\000M\000e\000m\000e\000s\000\040\000S\000h\000a\000p\000e\000\040\000I\000d\000e\000n\000t\000i\000t\000y\000\051}{chapter.7}% 113
\BOOKMARK [2][-]{subsection.7.4.1}{\376\377\216\253\116\375\213\244\124\014\117\134\116\072\152\041\126\340\147\137\000\040\000\050\000I\000d\000e\000n\000t\000i\000t\000y\000\040\000a\000s\000\040\000a\000\040\000B\000u\000n\000d\000l\000e\000\040\000o\000f\000\040\000M\000e\000m\000e\000s\000\051}{section.7.4}% 114
\BOOKMARK [2][-]{subsection.7.4.2}{\376\377\177\244\117\123\121\205\152\041\126\340\137\072\123\026\000\040\000\050\000I\000n\000t\000r\000a\000-\000G\000r\000o\000u\000p\000\040\000M\000e\000m\000e\000t\000i\000c\000\040\000R\000e\000i\000n\000f\000o\000r\000c\000e\000m\000e\000n\000t\000\051}{section.7.4}% 115
\BOOKMARK [2][-]{subsection.7.4.3}{\376\377\177\244\117\123\225\364\152\041\126\340\172\336\116\211\000\040\000\050\000I\000n\000t\000e\000r\000-\000G\000r\000o\000u\000p\000\040\000M\000e\000m\000e\000t\000i\000c\000\040\000C\000o\000m\000p\000e\000t\000i\000t\000i\000o\000n\000\051}{section.7.4}% 116
\BOOKMARK [2][-]{subsection.7.4.4}{\376\377\152\041\126\340\041\222\147\103\122\233\166\204\217\154\123\026\215\357\137\204\000\040\000\050\000T\000h\000e\000\040\000P\000a\000t\000h\000\040\000f\000r\000o\000m\000\040\000M\000e\000m\000e\000s\000\040\000t\000o\000\040\000P\000o\000w\000e\000r\000\051}{section.7.4}% 117
\BOOKMARK [2][-]{subsection.7.4.5}{\376\377\145\207\123\026\152\041\126\340\131\202\117\125\220\000\123\026\116\072\176\317\155\116\122\051\166\312\000\040\000\050\000H\000o\000w\000\040\000C\000u\000l\000t\000u\000r\000a\000l\000\040\000M\000e\000m\000e\000s\000\040\000D\000e\000g\000r\000a\000d\000e\000\040\000i\000n\000t\000o\000\040\000E\000c\000o\000n\000o\000m\000i\000c\000\040\000I\000n\000t\000e\000r\000e\000s\000t\000s\000\051}{section.7.4}% 118
\BOOKMARK [1][-]{section.7.5}{\376\377\145\207\123\026\166\204\217\271\165\114\377\032\137\123\152\041\126\340\116\015\131\037\165\050\000\040\000\050\000T\000h\000e\000\040\000L\000i\000m\000i\000t\000s\000\040\000o\000f\000\040\000C\000u\000l\000t\000u\000r\000e\000:\000\040\000W\000h\000e\000n\000\040\000M\000e\000m\000e\000s\000\040\000A\000r\000e\000\040\000N\000o\000t\000\040\000E\000n\000o\000u\000g\000h\000\051}{chapter.7}% 119
\BOOKMARK [2][-]{subsection.7.5.1}{\376\377\152\041\126\340\145\340\154\325\211\343\121\263\166\204\225\356\230\230\000\040\000\050\000P\000r\000o\000b\000l\000e\000m\000s\000\040\000M\000e\000m\000e\000s\000\040\000C\000a\000n\000n\000o\000t\000\040\000S\000o\000l\000v\000e\000\051}{section.7.5}% 120
\BOOKMARK [2][-]{subsection.7.5.2}{\376\377\116\316\145\207\123\026\122\060\176\317\155\116\166\204\137\305\161\066\220\000\123\026\000\040\000\050\000T\000h\000e\000\040\000I\000n\000e\000v\000i\000t\000a\000b\000l\000e\000\040\000D\000e\000g\000r\000a\000d\000a\000t\000i\000o\000n\000\040\000f\000r\000o\000m\000\040\000C\000u\000l\000t\000u\000r\000e\000\040\000t\000o\000\040\000E\000c\000o\000n\000o\000m\000y\000\051}{section.7.5}% 121
\BOOKMARK [2][-]{subsection.7.5.3}{\376\377\176\317\155\116\123\315\217\307\147\145\130\121\220\040\152\041\126\340\000\040\000\050\000H\000o\000w\000\040\000E\000c\000o\000n\000o\000m\000y\000\040\000S\000h\000a\000p\000e\000s\000\040\000M\000e\000m\000e\000s\000\040\000i\000n\000\040\000R\000e\000t\000u\000r\000n\000\051}{section.7.5}% 122
\BOOKMARK [2][-]{subsection.7.5.4}{\376\377\137\123\145\207\123\026\152\041\126\340\220\107\122\060\147\103\122\233\176\323\147\204\000\040\000\050\000W\000h\000e\000n\000\040\000C\000u\000l\000t\000u\000r\000a\000l\000\040\000M\000e\000m\000e\000s\000\040\000M\000e\000e\000t\000\040\000P\000o\000w\000e\000r\000\040\000S\000t\000r\000u\000c\000t\000u\000r\000e\000s\000\051}{section.7.5}% 123
\BOOKMARK [2][-]{subsection.7.5.5}{\376\377\172\340\134\076\377\032\116\316\145\207\123\026\152\041\126\340\122\060\176\317\155\116\220\000\123\026\000\040\000\050\000C\000h\000a\000p\000t\000e\000r\000\040\000E\000n\000d\000:\000\040\000F\000r\000o\000m\000\040\000C\000u\000l\000t\000u\000r\000a\000l\000\040\000M\000e\000m\000e\000s\000\040\000t\000o\000\040\000E\000c\000o\000n\000o\000m\000i\000c\000\040\000D\000e\000g\000r\000a\000d\000a\000t\000i\000o\000n\000\051}{section.7.5}% 124
\BOOKMARK [0][-]{chapter.8}{\376\377\141\017\213\306\122\006\145\057\000\040\000I\000I\377\032\145\077\154\273\116\016\147\103\122\233\176\323\147\204}{part.3}% 125
\BOOKMARK [1][-]{section.8.1}{\376\377\147\103\122\233\166\204\147\054\215\050\377\032\116\244\143\142\177\121\176\334\116\055\166\204\117\235\215\126\116\016\213\244\124\014\000\040\000\050\000T\000h\000e\000\040\000E\000s\000s\000e\000n\000c\000e\000\040\000o\000f\000\040\000P\000o\000w\000e\000r\000:\000\040\000D\000e\000p\000e\000n\000d\000e\000n\000c\000e\000\040\000a\000n\000d\000\040\000R\000e\000c\000o\000g\000n\000i\000t\000i\000o\000n\000\040\000i\000n\000\040\000E\000x\000c\000h\000a\000n\000g\000e\000\040\000N\000e\000t\000w\000o\000r\000k\000s\000\051}{chapter.8}% 126
\BOOKMARK [2][-]{subsection.8.1.1}{\376\377\116\072\116\300\116\110\117\235\215\126\116\247\165\037\147\103\122\233\377\037\040\024\040\024\116\316\176\317\155\116\116\244\143\142\122\060\147\103\122\233\121\163\174\373\000\040\000\050\000W\000h\000y\000\040\000D\000o\000e\000s\000\040\000D\000e\000p\000e\000n\000d\000e\000n\000c\000e\000\040\000C\000r\000e\000a\000t\000e\000\040\000P\000o\000w\000e\000r\000?\000\051}{section.8.1}% 127
\BOOKMARK [1][-]{section.8.2}{\376\377\176\304\176\307\166\204\142\275\214\141\377\032\116\316\116\052\116\272\233\105\122\233\122\060\147\072\147\204\147\103\132\001\000\040\000\050\000I\000n\000s\000t\000i\000t\000u\000t\000i\000o\000n\000a\000l\000\040\000A\000b\000s\000t\000r\000a\000c\000t\000i\000o\000n\000:\000\040\000F\000r\000o\000m\000\040\000C\000h\000a\000r\000i\000s\000m\000a\000\040\000t\000o\000\040\000A\000u\000t\000h\000o\000r\000i\000t\000y\000\051}{chapter.8}% 128
\BOOKMARK [2][-]{subsection.8.2.1}{\376\377\116\316\233\105\122\233\122\060\122\066\136\246\377\032\147\103\122\233\166\204\121\267\123\164\217\307\172\013\000\040\000\050\000F\000r\000o\000m\000\040\000C\000h\000a\000r\000i\000s\000m\000a\000\040\000t\000o\000\040\000I\000n\000s\000t\000i\000t\000u\000t\000i\000o\000n\000:\000\040\000T\000h\000e\000\040\000C\000o\000o\000l\000i\000n\000g\000\040\000o\000f\000\040\000P\000o\000w\000e\000r\000\051}{section.8.2}% 129
\BOOKMARK [1][-]{section.8.3}{\376\377\123\132\137\010\116\016\122\066\210\141\377\032\147\103\122\233\174\373\176\337\166\204\122\250\122\233\133\146\000\040\000\050\000G\000a\000m\000e\000\040\000a\000n\000d\000\040\000C\000h\000e\000c\000k\000s\000:\000\040\000T\000h\000e\000\040\000D\000y\000n\000a\000m\000i\000c\000s\000\040\000o\000f\000\040\000P\000o\000w\000e\000r\000\040\000S\000y\000s\000t\000e\000m\000s\000\051}{chapter.8}% 130
\BOOKMARK [2][-]{subsection.8.3.1}{\376\377\122\066\210\141\166\204\201\352\123\321\137\142\142\020\377\032\116\316\123\132\137\010\122\060\127\107\210\141\000\040\000\050\000T\000h\000e\000\040\000E\000m\000e\000r\000g\000e\000n\000c\000e\000\040\000o\000f\000\040\000C\000h\000e\000c\000k\000s\000:\000\040\000F\000r\000o\000m\000\040\000G\000a\000m\000e\000\040\000t\000o\000\040\000E\000q\000u\000i\000l\000i\000b\000r\000i\000u\000m\000\051}{section.8.3}% 131
\BOOKMARK [0][-]{chapter.9}{\376\377\122\066\136\246\166\204\176\310\147\201\137\142\140\001\377\032\154\325\137\213}{part.3}% 132
\BOOKMARK [1][-]{section.9.1}{\376\377\154\325\137\213\166\204\123\330\225\177\177\026\170\001\134\136\140\047\000\040\000\050\000T\000h\000e\000\040\000V\000a\000r\000i\000a\000b\000l\000e\000-\000L\000e\000n\000g\000t\000h\000\040\000E\000n\000c\000o\000d\000i\000n\000g\000\040\000P\000r\000o\000p\000e\000r\000t\000y\000\040\000o\000f\000\040\000L\000a\000w\000\051}{chapter.9}% 133
\BOOKMARK [2][-]{subsection.9.1.1}{\376\377\116\072\116\300\116\110\154\325\137\213\147\141\145\207\137\305\230\173\121\227\225\177\377\037\040\024\040\024\137\123\153\147\116\111\142\020\147\054\215\205\217\307\177\026\170\001\142\020\147\054}{section.9.1}% 134
\BOOKMARK [1][-]{section.9.2}{\376\377\215\043\116\373\166\204\137\122\126\340\377\032\127\372\116\216\147\141\116\366\151\202\163\207\166\204\133\232\215\043\220\073\217\221\000\040\000\050\000A\000t\000t\000r\000i\000b\000u\000t\000i\000o\000n\000\040\000o\000f\000\040\000R\000e\000s\000p\000o\000n\000s\000i\000b\000i\000l\000i\000t\000y\000:\000\040\000C\000a\000u\000s\000a\000l\000\040\000L\000o\000g\000i\000c\000\040\000B\000a\000s\000e\000d\000\040\000o\000n\000\040\000C\000o\000n\000d\000i\000t\000i\000o\000n\000a\000l\000\040\000P\000r\000o\000b\000a\000b\000i\000l\000i\000t\000y\000\051}{chapter.9}% 135
\BOOKMARK [2][-]{subsection.9.2.1}{\376\377\116\072\116\300\116\110\000"\147\100\116\272\120\177\124\175\000"\116\015\131\037\174\276\170\156\377\037}{section.9.2}% 136
\BOOKMARK [2][-]{subsection.9.2.2}{\376\377\000P\000\050\000A\000|\000B\000\051\377\032\147\141\116\366\151\202\163\207\131\202\117\125\221\317\123\026\210\114\116\072\133\371\176\323\147\234\166\204\137\161\124\315\377\037}{section.9.2}% 137
\BOOKMARK [2][-]{subsection.9.2.3}{\376\377\131\032\126\340\116\000\147\234\377\032\131\202\117\125\122\006\221\115\131\032\116\052\210\114\116\072\166\204\215\043\116\373\153\324\117\213\377\037}{section.9.2}% 138
\BOOKMARK [2][-]{subsection.9.2.4}{\376\377\147\141\116\366\151\202\163\207\166\204\147\201\226\120\377\032\121\263\133\232\213\272\116\013\166\204\215\043\116\373\150\071\127\372\117\125\127\050\377\037}{section.9.2}% 139
\BOOKMARK [1][-]{section.9.3}{\376\377\176\337\116\000\211\306\211\322\377\032\145\207\123\026\060\001\176\317\155\116\060\001\145\077\154\273\060\001\154\325\137\213\166\204\135\114\131\127\121\163\174\373\000\040\000\050\000A\000\040\000U\000n\000i\000f\000i\000e\000d\000\040\000P\000e\000r\000s\000p\000e\000c\000t\000i\000v\000e\000:\000\040\000T\000h\000e\000\040\000N\000e\000s\000t\000e\000d\000\040\000R\000e\000l\000a\000t\000i\000o\000n\000s\000h\000i\000p\000\040\000o\000f\000\040\000C\000u\000l\000t\000u\000r\000e\000,\000\040\000E\000c\000o\000n\000o\000m\000y\000,\000\040\000P\000o\000l\000i\000t\000i\000c\000s\000,\000\040\000a\000n\000d\000\040\000L\000a\000w\000\051}{chapter.9}% 140
\BOOKMARK [2][-]{subsection.9.3.1}{\376\377\126\333\200\005\116\015\146\057\126\333\116\052\230\206\127\337\377\014\200\014\146\057\124\014\116\000\137\040\201\070\000\040\000\050\000N\000o\000t\000\040\000F\000o\000u\000r\000\040\000F\000i\000e\000l\000d\000s\000,\000\040\000b\000u\000t\000\040\000O\000n\000e\000\040\000F\000a\000c\000e\000\051}{section.9.3}% 141
\BOOKMARK [-1][-]{part.4}{\376\377\000I\000V\000\040\176\323\213\355\116\016\145\160\133\146\226\104\137\125}{}% 142
\BOOKMARK [0][-]{chapter.10}{\376\377\176\323\213\355\377\032\137\252\163\257\166\204\225\355\124\010}{part.4}% 143
\BOOKMARK [1][-]{section.10.1}{\376\377\116\272\133\232\200\334\131\051\377\037\171\076\117\032\174\373\176\337\133\371\122\035\131\313\147\141\116\366\166\204\117\356\153\143}{chapter.10}% 144
\BOOKMARK [2][-]{subsection.10.1.1}{\376\377\220\073\217\221\210\124\143\245}{section.10.1}% 145
\BOOKMARK [1][-]{section.10.2}{\376\377\145\260\166\204\137\252\163\257\377\032\142\200\147\057\117\134\116\072\145\260\166\204\123\330\221\317}{chapter.10}% 146
\BOOKMARK [2][-]{subsection.10.2.1}{\376\377\220\073\217\221\210\124\143\245}{section.10.2}% 147
\BOOKMARK [0][-]{appendix.A}{\376\377\145\160\133\146\211\306\211\322\116\013\166\204\157\024\123\026\060\001\176\323\147\204\116\016\172\063\133\232\140\047}{part.4}% 148
\BOOKMARK [1][-]{section.A.1}{\376\377\000V\000.\0000\000\040\117\177\165\050\213\364\146\016\116\016\135\345\172\013\130\360\146\016}{appendix.A}% 149
\BOOKMARK [2][-]{subsection.A.1.1}{\376\377\117\140\147\011\154\241\147\011\140\363\217\307\377\014\116\072\116\300\116\110\117\140\227\000\211\201\226\005\213\373\217\331\116\052\145\160\133\146\226\104\137\125\377\037}{section.A.1}% 150
\BOOKMARK [2][-]{subsection.A.1.2}{\376\377\220\073\217\221\210\124\143\245}{section.A.1}% 151
\BOOKMARK [0][-]{appendix.B}{\376\377\000V\000.\0001\000\040\133\130\127\050\060\001\172\063\140\001\116\016\157\024\123\026\122\250\122\233\133\146}{part.4}% 152
\BOOKMARK [0][-]{appendix.C}{\376\377\000V\000.\0002\000\040\117\341\140\157\060\001\176\323\147\204\116\016\153\143\116\244\140\047}{part.4}% 153
\BOOKMARK [1][-]{section.C.1}{\376\377\220\073\217\221\123\273\221\315\166\204\000\040\000G\000r\000a\000m\040\023\000S\000c\000h\000m\000i\000d\000t\000\040\217\307\172\013}{appendix.C}% 154
\BOOKMARK [2][-]{subsection.C.1.1}{\376\377\220\073\217\221\210\124\143\245}{section.C.1}% 155
\BOOKMARK [0][-]{appendix.D}{\376\377\000V\000.\0003\000\040\163\257\130\203\060\001\147\141\116\366\151\202\163\207\116\016\123\206\123\362\215\357\137\204}{part.4}% 156
\BOOKMARK [0][-]{appendix.E}{\376\377\000V\000.\0004\000\040\153\143\123\315\231\210\060\001\201\352\176\304\176\307\116\016\171\076\117\032\176\323\147\204}{part.4}% 157
\BOOKMARK [0][-]{appendix.F}{\376\377\000V\000.\0005\000\040\226\104\137\125\201\352\150\300\156\005\123\125}{part.4}% 158
\BOOKMARK [1][-]{section.F.1}{\376\377\135\345\172\013\201\352\150\300}{appendix.F}% 159
\BOOKMARK [2][-]{subsection.F.1.1}{\376\377\220\073\217\221\210\124\143\245}{section.F.1}% 160
\BOOKMARK [0][-]{appendix*.178}{\376\377\201\364\214\042}{part.4}% 161
